--- JUNOS 13.3R2.7 built 2014-04-20 20:58:39 UTC

vmukhin@eabu-sol-eng-dc-s7> 

vmukhin@eabu-sol-eng-dc-s7> 

vmukhin@eabu-sol-eng-dc-s7> show version 
Hostname: eabu-sol-eng-dc-s7
Model: mx80-48t
Junos: 13.3R2.7
JUNOS Base OS boot [13.3R2.7]
JUNOS Base OS Software Suite [13.3R2.7]
JUNOS Kernel Software Suite [13.3R2.7]
JUNOS Crypto Software Suite [13.3R2.7]
JUNOS Packet Forwarding Engine Support (MX80) [13.3R2.7]
JUNOS Online Documentation [13.3R2.7]
JUNOS Services Application Level Gateways [13.3R2.7]
JUNOS Services Jflow Container package [13.3R2.7]
JUNOS Services Stateful Firewall [13.3R2.7]
JUNOS Services NAT [13.3R2.7]
JUNOS Services RPM [13.3R2.7]
JUNOS Services Crypto [13.3R2.7]
JUNOS Services SSL [13.3R2.7]
JUNOS Services IPSec [13.3R2.7]
JUNOS Routing Software Suite [13.3R2.7]

vmukhin@eabu-sol-eng-dc-s7> 

vmukhin@eabu-sol-eng-dc-s7> edit 
Entering configuration mode

[edit]
vmukhin@eabu-sol-eng-dc-s7# edit groups global 

[edit groups global]
vmukhin@eabu-sol-eng-dc-s7# save grp-global-original.conf 
Wrote 100 lines of configuration to 'grp-global-original.conf'

[edit groups global]
vmukhin@eabu-sol-eng-dc-s7# exit 

[edit]
vmukhin@eabu-sol-eng-dc-s7# edit groups re0 

[edit groups re0]
vmukhin@eabu-sol-eng-dc-s7# show 
interfaces {
    fxp0 {
        unit 0 {
            family inet {
                address 10.164.1.134/23;
            }
        }
    }
}

[edit groups re0]
vmukhin@eabu-sol-eng-dc-s7# save grp-re0.conf 
Wrote 15 lines of configuration to 'grp-re0.conf'

[edit groups re0]
vmukhin@eabu-sol-eng-dc-s7# exit 

[edit]
vmukhin@eabu-sol-eng-dc-s7# exit 
Exiting configuration mode

vmukhin@eabu-sol-eng-dc-s7> ftp 172.29.103.14 
Connected to 172.29.103.14.
220-FileZilla Server version 0.9.48 beta
220-written by Tim Kosse (tim.kosse@filezilla-project.org)
220 Please visit http://sourceforge.net/projects/filezilla/
Name (172.29.103.14:vmukhin): mamba
331 Password required for mamba
Password:
230 Logged on
Remote system type is UNIX.
ftp> binary
200 Type set to I
ftp> get ./ce20-service-all-plus-ce-and-mbh-mng-good-Aug-24/2013-08-25-v.01/ag3.1-ce20-service-all-plus-ce-and-mbh-mng-good-Aug-24.conf ag3.1-ce20-service-all-plus-ce-and-mbh-mng-good-Aug-24.conf
local: ag3.1-ce20-service-all-plus-ce-and-mbh-mng-good-Aug-24.conf remote: ./ce20-service-all-plus-ce-and-mbh-mng-good-Aug-24/2013-08-25-v.01/ag3.1-ce20-service-all-plus-ce-and-mbh-mng-good-Aug-24.conf
200 Port command successful
150 Opening data channel for file download from server of "/ce20-service-all-plus-ce-and-mbh-mng-good-Aug-24/2013-08-25-v.01/ag3.1-ce20-service-all-plus-ce-and-mbh-mng-good-Aug-24.conf"
100% |**********************************************************************************************************************************************************| 22954       00:00 ETAA
226 Successfully transferred "/ce20-service-all-plus-ce-and-mbh-mng-good-Aug-24/2013-08-25-v.01/ag3.1-ce20-service-all-plus-ce-and-mbh-mng-good-Aug-24.conf"
22954 bytes received in 0.10 seconds (225.23 KB/s)
ftp> quit
221 Goodbye

vmukhin@eabu-sol-eng-dc-s7> edit 
Entering configuration mode

[edit]
vmukhin@eabu-sol-eng-dc-s7# delete access 
warning: statement not found

[edit]
vmukhin@eabu-sol-eng-dc-s7# delete services 
warning: statement not found

[edit]
vmukhin@eabu-sol-eng-dc-s7# delete routing-instances 

[edit]
vmukhin@eabu-sol-eng-dc-s7# delete protocols 

[edit]
vmukhin@eabu-sol-eng-dc-s7# delete interfaces 

[edit]
vmukhin@eabu-sol-eng-dc-s7# delete routing-options 

[edit]
vmukhin@eabu-sol-eng-dc-s7# commit 
commit complete

[edit]
vmukhin@eabu-sol-eng-dc-s7# load update ag3.1-ce20-service-all-plus-ce-and-mbh-mng-good-Aug-24.conf 
load complete

[edit]
vmukhin@eabu-sol-eng-dc-s7# edit groups global 

[edit groups global]
vmukhin@eabu-sol-eng-dc-s7# load replace grp-global-original.conf 
exit
load complete

[edit groups global]
vmukhin@eabu-sol-eng-dc-s7# exit 

[edit]
vmukhin@eabu-sol-eng-dc-s7# set apply-groups global 

[edit]
vmukhin@eabu-sol-eng-dc-s7# edit groups re0 

[edit groups re0]
vmukhin@eabu-sol-eng-dc-s7# load replace grp-re0.conf 
exit
load complete

[edit groups re0]
vmukhin@eabu-sol-eng-dc-s7# exit 

[edit]
vmukhin@eabu-sol-eng-dc-s7# set apply-groups re0 

[edit]
vmukhin@eabu-sol-eng-dc-s7# commit 
commit complete

[edit]
--- JUNOS 13.3R2.7 built 2014-04-20 20:58:39 UTC

vmukhin@eabu-sol-eng-dc-s7> 

vmukhin@eabu-sol-eng-dc-s7> 

vmukhin@eabu-sol-eng-dc-s7> show version 
Hostname: eabu-sol-eng-dc-s7
Model: mx80-48t
Junos: 13.3R2.7
JUNOS Base OS boot [13.3R2.7]
JUNOS Base OS Software Suite [13.3R2.7]
JUNOS Kernel Software Suite [13.3R2.7]
JUNOS Crypto Software Suite [13.3R2.7]
JUNOS Packet Forwarding Engine Support (MX80) [13.3R2.7]
JUNOS Online Documentation [13.3R2.7]
JUNOS Services Application Level Gateways [13.3R2.7]
JUNOS Services Jflow Container package [13.3R2.7]
JUNOS Services Stateful Firewall [13.3R2.7]
JUNOS Services NAT [13.3R2.7]
JUNOS Services RPM [13.3R2.7]
JUNOS Services Crypto [13.3R2.7]
JUNOS Services SSL [13.3R2.7]
JUNOS Services IPSec [13.3R2.7]
JUNOS Routing Software Suite [13.3R2.7]

vmukhin@eabu-sol-eng-dc-s7> 

vmukhin@eabu-sol-eng-dc-s7> edit 
Entering configuration mode

[edit]
vmukhin@eabu-sol-eng-dc-s7# edit groups global 

[edit groups global]
vmukhin@eabu-sol-eng-dc-s7# save grp-global-original.conf 
Wrote 100 lines of configuration to 'grp-global-original.conf'

[edit groups global]
vmukhin@eabu-sol-eng-dc-s7# exit 

[edit]
vmukhin@eabu-sol-eng-dc-s7# edit groups re0 

[edit groups re0]
vmukhin@eabu-sol-eng-dc-s7# show 
interfaces {
    fxp0 {
        unit 0 {
            family inet {
                address 10.164.1.134/23;
            }
        }
    }
}

[edit groups re0]
vmukhin@eabu-sol-eng-dc-s7# save grp-re0.conf 
Wrote 15 lines of configuration to 'grp-re0.conf'

[edit groups re0]
vmukhin@eabu-sol-eng-dc-s7# exit 

[edit]
vmukhin@eabu-sol-eng-dc-s7# exit 
Exiting configuration mode

vmukhin@eabu-sol-eng-dc-s7> ftp 172.29.103.14 
Connected to 172.29.103.14.
220-FileZilla Server version 0.9.48 beta
220-written by Tim Kosse (tim.kosse@filezilla-project.org)
220 Please visit http://sourceforge.net/projects/filezilla/
Name (172.29.103.14:vmukhin): mamba
331 Password required for mamba
Password:
230 Logged on
Remote system type is UNIX.
ftp> binary
200 Type set to I
ftp> get ./BlueSky1.0-MBH-Sep-16-2014/2014-08-19-v.01/ag3.1-BlueSky1.0-MBH-Sep-16-2014.conf ag3.1-BlueSky1.0-MBH-Sep-16-2014.conf
local: ag3.1-BlueSky1.0-MBH-Sep-16-2014.conf remote: ./BlueSky1.0-MBH-Sep-16-2014/2014-08-19-v.01/ag3.1-BlueSky1.0-MBH-Sep-16-2014.conf
200 Port command successful
150 Opening data channel for file download from server of "/BlueSky1.0-MBH-Sep-16-2014/2014-08-19-v.01/ag3.1-BlueSky1.0-MBH-Sep-16-2014.conf"
100% |**********************************************************************************************************************************************************| 15055       00:00 ETAA
226 Successfully transferred "/BlueSky1.0-MBH-Sep-16-2014/2014-08-19-v.01/ag3.1-BlueSky1.0-MBH-Sep-16-2014.conf"
15055 bytes received in 0.08 seconds (187.97 KB/s)
ftp> quit
221 Goodbye

vmukhin@eabu-sol-eng-dc-s7> edit 
Entering configuration mode

[edit]
vmukhin@eabu-sol-eng-dc-s7# delete access 
warning: statement not found

[edit]
vmukhin@eabu-sol-eng-dc-s7# delete services 
warning: statement not found

[edit]
vmukhin@eabu-sol-eng-dc-s7# delete routing-instances 

[edit]
vmukhin@eabu-sol-eng-dc-s7# delete protocols 

[edit]
vmukhin@eabu-sol-eng-dc-s7# delete interfaces 

[edit]
vmukhin@eabu-sol-eng-dc-s7# delete routing-options 

[edit]
vmukhin@eabu-sol-eng-dc-s7# commit 
commit complete

[edit]
vmukhin@eabu-sol-eng-dc-s7# load update ag3.1-BlueSky1.0-MBH-Sep-16-2014.conf 
edit groups global
load complete

[edit]
vmukhin@eabu-sol-eng-dc-s7# edit groups global 

[edit groups global]
vmukhin@eabu-sol-eng-dc-s7# load replace grp-global-original.conf 
exit
load complete

[edit groups global]
vmukhin@eabu-sol-eng-dc-s7# exit 

[edit]
vmukhin@eabu-sol-eng-dc-s7# set apply-groups global 

[edit]
vmukhin@eabu-sol-eng-dc-s7# edit groups re0 

[edit groups re0]
vmukhin@eabu-sol-eng-dc-s7# load replace grp-re0.conf 
exit
load complete

[edit groups re0]
vmukhin@eabu-sol-eng-dc-s7# exit 

[edit]
vmukhin@eabu-sol-eng-dc-s7# set apply-groups re0 

[edit]
vmukhin@eabu-sol-eng-dc-s7# commit 
commit complete

[edit]
--- JUNOS 13.3R2.7 built 2014-04-20 20:58:39 UTC

vmukhin@eabu-sol-eng-dc-s7> 

vmukhin@eabu-sol-eng-dc-s7> 

vmukhin@eabu-sol-eng-dc-s7> show version 
Hostname: eabu-sol-eng-dc-s7
Model: mx80-48t
Junos: 13.3R2.7
JUNOS Base OS boot [13.3R2.7]
JUNOS Base OS Software Suite [13.3R2.7]
JUNOS Kernel Software Suite [13.3R2.7]
JUNOS Crypto Software Suite [13.3R2.7]
JUNOS Packet Forwarding Engine Support (MX80) [13.3R2.7]
JUNOS Online Documentation [13.3R2.7]
JUNOS Services Application Level Gateways [13.3R2.7]
JUNOS Services Jflow Container package [13.3R2.7]
JUNOS Services Stateful Firewall [13.3R2.7]
JUNOS Services NAT [13.3R2.7]
JUNOS Services RPM [13.3R2.7]
JUNOS Services Crypto [13.3R2.7]
JUNOS Services SSL [13.3R2.7]
JUNOS Services IPSec [13.3R2.7]
JUNOS Routing Software Suite [13.3R2.7]

vmukhin@eabu-sol-eng-dc-s7> 

vmukhin@eabu-sol-eng-dc-s7> edit 
Entering configuration mode

[edit]
vmukhin@eabu-sol-eng-dc-s7# edit groups global 

[edit groups global]
vmukhin@eabu-sol-eng-dc-s7# save grp-global-original.conf 
Wrote 100 lines of configuration to 'grp-global-original.conf'

[edit groups global]
vmukhin@eabu-sol-eng-dc-s7# exit 

[edit]
vmukhin@eabu-sol-eng-dc-s7# edit groups re0 

[edit groups re0]
vmukhin@eabu-sol-eng-dc-s7# show 
interfaces {
    fxp0 {
        unit 0 {
            family inet {
                address 10.164.1.134/23;
            }
        }
    }
}

[edit groups re0]
vmukhin@eabu-sol-eng-dc-s7# save grp-re0.conf 
Wrote 15 lines of configuration to 'grp-re0.conf'

[edit groups re0]
vmukhin@eabu-sol-eng-dc-s7# exit 

[edit]
vmukhin@eabu-sol-eng-dc-s7# exit 
Exiting configuration mode

vmukhin@eabu-sol-eng-dc-s7> ftp 172.29.103.14 
Connected to 172.29.103.14.
220-FileZilla Server version 0.9.48 beta
220-written by Tim Kosse (tim.kosse@filezilla-project.org)
220 Please visit http://sourceforge.net/projects/filezilla/
Name (172.29.103.14:vmukhin): mamba
331 Password required for mamba
Password:
230 Logged on
Remote system type is UNIX.
ftp> binary
200 Type set to I
ftp> get ./MetroE3.0-PSPHT-with-OAM-PW/2015-02-28-v.01/ag3.1-MetroE3.0-PSPHT-with-OAM-PW.conf ag3.1-MetroE3.0-PSPHT-with-OAM-PW.conf
local: ag3.1-MetroE3.0-PSPHT-with-OAM-PW.conf remote: ./MetroE3.0-PSPHT-with-OAM-PW/2015-02-28-v.01/ag3.1-MetroE3.0-PSPHT-with-OAM-PW.conf
200 Port command successful
150 Opening data channel for file download from server of "/MetroE3.0-PSPHT-with-OAM-PW/2015-02-28-v.01/ag3.1-MetroE3.0-PSPHT-with-OAM-PW.conf"
100% |**********************************************************************************************************************************************************| 16024       00:00 ETAA
226 Successfully transferred "/MetroE3.0-PSPHT-with-OAM-PW/2015-02-28-v.01/ag3.1-MetroE3.0-PSPHT-with-OAM-PW.conf"
16024 bytes received in 0.10 seconds (157.76 KB/s)
ftp> quit
221 Goodbye

vmukhin@eabu-sol-eng-dc-s7> edit 
Entering configuration mode

[edit]
vmukhin@eabu-sol-eng-dc-s7# delete access 
warning: statement not found

[edit]
vmukhin@eabu-sol-eng-dc-s7# delete services 
warning: statement not found

[edit]
vmukhin@eabu-sol-eng-dc-s7# delete routing-instances 

[edit]
vmukhin@eabu-sol-eng-dc-s7# delete protocols 

[edit]
vmukhin@eabu-sol-eng-dc-s7# delete interfaces 

[edit]
vmukhin@eabu-sol-eng-dc-s7# delete routing-options 

[edit]
vmukhin@eabu-sol-eng-dc-s7# commit 
commit complete

[edit]
vmukhin@eabu-sol-eng-dc-s7# load update ag3.1-MetroE3.0-PSPHT-with-OAM-PW.conf 
edit groups global
load complete

[edit]
vmukhin@eabu-sol-eng-dc-s7# edit groups global 

[edit groups global]
vmukhin@eabu-sol-eng-dc-s7# load replace grp-global-original.conf 
exit
load complete

[edit groups global]
vmukhin@eabu-sol-eng-dc-s7# exit 

[edit]
vmukhin@eabu-sol-eng-dc-s7# set apply-groups global 

[edit]
vmukhin@eabu-sol-eng-dc-s7# edit groups re0 

[edit groups re0]
vmukhin@eabu-sol-eng-dc-s7# load replace grp-re0.conf 
exit
load complete

[edit groups re0]
vmukhin@eabu-sol-eng-dc-s7# exit 

[edit]
vmukhin@eabu-sol-eng-dc-s7# set apply-groups re0 

[edit]
vmukhin@eabu-sol-eng-dc-s7# commit 
commit complete

[edit]
--- JUNOS 13.3R2.7 built 2014-04-20 20:58:39 UTC

vmukhin@eabu-sol-eng-dc-s7> 

vmukhin@eabu-sol-eng-dc-s7> 

vmukhin@eabu-sol-eng-dc-s7> edit 
Entering configuration mode

[edit]
vmukhin@eabu-sol-eng-dc-s7# save ag3.1-PWHT-GE-to-PS-2016.conf 
Wrote 588 lines of configuration to 'ag3.1-PWHT-GE-to-PS-2016.conf'

[edit]
vmukhin@eabu-sol-eng-dc-s7# exit 
Exiting configuration mode

vmukhin@eabu-sol-eng-dc-s7> ftp 172.29.103.14 
Connected to 172.29.103.14.
220-FileZilla Server version 0.9.48 beta
220-written by Tim Kosse (tim.kosse@filezilla-project.org)
220 Please visit http://sourceforge.net/projects/filezilla/
Name (172.29.103.14:vmukhin): mamba
331 Password required for mamba
Password:
230 Logged on
Remote system type is UNIX.
ftp> binary
200 Type set to I
ftp> cd ./PWHT-GE-to-PS-2016/2016-6-6-v.01
250 CWD successful. "/PWHT-GE-to-PS-2016/2016-6-6-v.01" is current directory.
ftp> put ag3.1-PWHT-GE-to-PS-2016.conf ag3.1-PWHT-GE-to-PS-2016.conf
local: ag3.1-PWHT-GE-to-PS-2016.conf remote: ag3.1-PWHT-GE-to-PS-2016.conf
200 Port command successful
150 Opening data channel for file upload to server of "/PWHT-GE-to-PS-2016/2016-6-6-v.01/ag3.1-PWHT-GE-to-PS-2016.conf"
100% |**********************************************************************************************************************************************************| 15981       00:00 ETAA
226 Successfully transferred "/PWHT-GE-to-PS-2016/2016-6-6-v.01/ag3.1-PWHT-GE-to-PS-2016.conf"
15981 bytes sent in 0.11 seconds (137.29 KB/s)
ftp> quit
221 Goodbye

