--- JUNOS 12.3-20140528_acx_x54_s4.0 built 2014-05-28 18:14:01 UTC
At least one package installed on this device has limited support.
Run 'file show /etc/notices/unsupported.txt' for details.

vmukhin@csr1.4-b-quark> 

vmukhin@csr1.4-b-quark> 

vmukhin@csr1.4-b-quark> show version 
Hostname: csr1.4-b-quark
Model: acx2100
JUNOS Crypto Software Suite [12.3-20140528_acx_x54_s4.0]
JUNOS Base OS Software Suite [12.3-20140528_acx_x54_s4.0]
JUNOS Kernel Software Suite [12.3-20140528_acx_x54_s4.0]
JUNOS Base OS boot [12.3-20140528_acx_x54_s4.0]
JUNOS Packet Forwarding Engine Support (ACX) [12.3-20140528_acx_x54_s4.0]
JUNOS Online Documentation [12.3-20140528_acx_x54_s4.0]
JUNOS Routing Software Suite [12.3-20140528_acx_x54_s4.0]

vmukhin@csr1.4-b-quark> 

vmukhin@csr1.4-b-quark> edit 
Entering configuration mode

[edit]
vmukhin@csr1.4-b-quark# edit groups global 

[edit groups global]
vmukhin@csr1.4-b-quark# save grp-global-original.conf 
Wrote 343 lines of configuration to 'grp-global-original.conf'

[edit groups global]
vmukhin@csr1.4-b-quark# exit 

[edit]
vmukhin@csr1.4-b-quark# edit groups re0 

[edit groups re0]
vmukhin@csr1.4-b-quark# show 
system {
    host-name csr1.4-b-quark;
}
interfaces {
    fxp0 {
        unit 0 {
            family inet {
                address 10.164.1.140/22;
            }
        }
    }
}

[edit groups re0]
vmukhin@csr1.4-b-quark# save grp-re0.conf 
Wrote 18 lines of configuration to 'grp-re0.conf'

[edit groups re0]
vmukhin@csr1.4-b-quark# exit 

[edit]
vmukhin@csr1.4-b-quark# exit 
Exiting configuration mode

vmukhin@csr1.4-b-quark> ftp 172.29.103.14 
Connected to 172.29.103.14.
220-FileZilla Server version 0.9.48 beta
220-written by Tim Kosse (tim.kosse@filezilla-project.org)
220 Please visit http://sourceforge.net/projects/filezilla/
Name (172.29.103.14:vmukhin): mamba
331 Password required for mamba
Password:
230 Logged on
Remote system type is UNIX.
ftp> binary
200 Type set to I
ftp> get ./ce20-service-all-plus-ce-and-mbh-mng-good-Aug-24/2013-08-25-v.01/csr1.4-ce20-service-all-plus-ce-and-mbh-mng-good-Aug-24.conf csr1.4-ce20-service-all-plus-ce-and-mbh-mng-good-Aug-24.conf
local: csr1.4-ce20-service-all-plus-ce-and-mbh-mng-good-Aug-24.conf remote: ./ce20-service-all-plus-ce-and-mbh-mng-good-Aug-24/2013-08-25-v.01/csr1.4-ce20-service-all-plus-ce-and-mbh-mng-good-Aug-24.conf
200 Port command successful
150 Opening data channel for file download from server of "/ce20-service-all-plus-ce-and-mbh-mng-good-Aug-24/2013-08-25-v.01/csr1.4-ce20-service-all-plus-ce-and-mbh-mng-good-Aug-24.conf"
100% |**********************************************************************************************************************************************************| 31071       00:00 ETAA
226 Successfully transferred "/ce20-service-all-plus-ce-and-mbh-mng-good-Aug-24/2013-08-25-v.01/csr1.4-ce20-service-all-plus-ce-and-mbh-mng-good-Aug-24.conf"
31071 bytes received in 0.10 seconds (296.39 KB/s)
ftp> quit
221 Goodbye

vmukhin@csr1.4-b-quark> edit 
Entering configuration mode

[edit]
vmukhin@csr1.4-b-quark# delete access 
warning: statement not found

[edit]
vmukhin@csr1.4-b-quark# delete services 
warning: statement not found

[edit]
vmukhin@csr1.4-b-quark# delete routing-instances 

[edit]
vmukhin@csr1.4-b-quark# delete protocols 

[edit]
vmukhin@csr1.4-b-quark# delete interfaces 

[edit]
vmukhin@csr1.4-b-quark# delete routing-options 

[edit]
vmukhin@csr1.4-b-quark# commit 
commit complete

[edit]
vmukhin@csr1.4-b-quark# load update csr1.4-ce20-service-all-plus-ce-and-mbh-mng-good-Aug-24.conf 
load complete

[edit]
vmukhin@csr1.4-b-quark# edit groups global 
load replace grp-global-original.conf

[edit groups global]
vmukhin@csr1.4-b-quark# load replace grp-global-original.conf 
exit
load complete

[edit groups global]
vmukhin@csr1.4-b-quark# exit 

[edit]
vmukhin@csr1.4-b-quark# set apply-groups global 

[edit]
vmukhin@csr1.4-b-quark# edit groups re0 

[edit groups re0]
vmukhin@csr1.4-b-quark# load replace grp-re0.conf 
exit
load complete

[edit groups re0]
vmukhin@csr1.4-b-quark# exit 

[edit]
vmukhin@csr1.4-b-quark# set apply-groups re0 

[edit]
vmukhin@csr1.4-b-quark# commit 
commit complete

[edit]
--- JUNOS 12.3-20140528_acx_x54_s4.0 built 2014-05-28 18:14:01 UTC
At least one package installed on this device has limited support.
Run 'file show /etc/notices/unsupported.txt' for details.

vmukhin@csr1.4-b-quark> 

vmukhin@csr1.4-b-quark> 

vmukhin@csr1.4-b-quark> show version 
Hostname: csr1.4-b-quark
Model: acx2100
JUNOS Crypto Software Suite [12.3-20140528_acx_x54_s4.0]
JUNOS Base OS Software Suite [12.3-20140528_acx_x54_s4.0]
JUNOS Kernel Software Suite [12.3-20140528_acx_x54_s4.0]
JUNOS Base OS boot [12.3-20140528_acx_x54_s4.0]
JUNOS Packet Forwarding Engine Support (ACX) [12.3-20140528_acx_x54_s4.0]
JUNOS Online Documentation [12.3-20140528_acx_x54_s4.0]
JUNOS Routing Software Suite [12.3-20140528_acx_x54_s4.0]

vmukhin@csr1.4-b-quark> 

vmukhin@csr1.4-b-quark> edit 
Entering configuration mode
Users currently editing the configuration:
  vmukhin terminal p0 (pid 56933) on since 2016-04-18 23:57:00 PDT, idle 00:18:49
      [edit]

[edit]
vmukhin@csr1.4-b-quark# edit groups global 

[edit groups global]
vmukhin@csr1.4-b-quark# save grp-global-original.conf 
Wrote 343 lines of configuration to 'grp-global-original.conf'

[edit groups global]
vmukhin@csr1.4-b-quark# exit 

[edit]
vmukhin@csr1.4-b-quark# edit groups re0 

[edit groups re0]
vmukhin@csr1.4-b-quark# show 
system {
    host-name csr1.4-b-quark;
}
interfaces {
    fxp0 {
        unit 0 {
            family inet {
                address 10.164.1.140/22;
            }
        }
    }
}

[edit groups re0]
vmukhin@csr1.4-b-quark# save grp-re0.conf 
Wrote 18 lines of configuration to 'grp-re0.conf'

[edit groups re0]
vmukhin@csr1.4-b-quark# exit 

[edit]
vmukhin@csr1.4-b-quark# exit 
Exiting configuration mode

vmukhin@csr1.4-b-quark> ftp 172.29.103.14 
Connected to 172.29.103.14.
220-FileZilla Server version 0.9.48 beta
220-written by Tim Kosse (tim.kosse@filezilla-project.org)
220 Please visit http://sourceforge.net/projects/filezilla/
Name (172.29.103.14:vmukhin): mamba
331 Password required for mamba
Password:
230 Logged on
Remote system type is UNIX.
ftp> binary
200 Type set to I
ftp> get ./BlueSky1.0-MBH-Sep-16-2014/2014-08-19-v.01/csr1.4-BlueSky1.0-MBH-Sep-16-2014.conf csr1.4-BlueSky1.0-MBH-Sep-16-2014.conf
local: csr1.4-BlueSky1.0-MBH-Sep-16-2014.conf remote: ./BlueSky1.0-MBH-Sep-16-2014/2014-08-19-v.01/csr1.4-BlueSky1.0-MBH-Sep-16-2014.conf
200 Port command successful
150 Opening data channel for file download from server of "/BlueSky1.0-MBH-Sep-16-2014/2014-08-19-v.01/csr1.4-BlueSky1.0-MBH-Sep-16-2014.conf"
100% |**********************************************************************************************************************************************************| 26525       00:00 ETAA
226 Successfully transferred "/BlueSky1.0-MBH-Sep-16-2014/2014-08-19-v.01/csr1.4-BlueSky1.0-MBH-Sep-16-2014.conf"
26525 bytes received in 0.12 seconds (224.40 KB/s)
ftp> quit
221 Goodbye

vmukhin@csr1.4-b-quark> edit 
Entering configuration mode
Users currently editing the configuration:
  vmukhin terminal p0 (pid 56933) on since 2016-04-18 23:57:00 PDT, idle 00:18:51
      [edit]

[edit]
vmukhin@csr1.4-b-quark# delete access 
warning: statement not found

[edit]
vmukhin@csr1.4-b-quark# delete services 
warning: statement not found

[edit]
vmukhin@csr1.4-b-quark# delete routing-instances 

[edit]
vmukhin@csr1.4-b-quark# delete protocols 

[edit]
vmukhin@csr1.4-b-quark# delete interfaces 

[edit]
vmukhin@csr1.4-b-quark# delete routing-options 

[edit]
vmukhin@csr1.4-b-quark# commit 
commit complete

[edit]
vmukhin@csr1.4-b-quark# load update csr1.4-BlueSky1.0-MBH-Sep-16-2014.conf 
load complete

[edit]
vmukhin@csr1.4-b-quark# edit groups global 

[edit groups global]
vmukhin@csr1.4-b-quark# load replace grp-global-original.conf 
exit
load complete

[edit groups global]
vmukhin@csr1.4-b-quark# exit 

[edit]
vmukhin@csr1.4-b-quark# set apply-groups global 

[edit]
vmukhin@csr1.4-b-quark# edit groups re0 

[edit groups re0]
vmukhin@csr1.4-b-quark# load replace grp-re0.conf 
exit
load complete

[edit groups re0]
vmukhin@csr1.4-b-quark# exit 

[edit]
vmukhin@csr1.4-b-quark# set apply-groups re0 

[edit]
vmukhin@csr1.4-b-quark# commit 
commit complete

[edit]
--- JUNOS 12.3-20140528_acx_x54_s4.0 built 2014-05-28 18:14:01 UTC
At least one package installed on this device has limited support.
Run 'file show /etc/notices/unsupported.txt' for details.

vmukhin@csr1.4-b-quark> 

vmukhin@csr1.4-b-quark> 

vmukhin@csr1.4-b-quark> show version 
Hostname: csr1.4-b-quark
Model: acx2100
JUNOS Crypto Software Suite [12.3-20140528_acx_x54_s4.0]
JUNOS Base OS Software Suite [12.3-20140528_acx_x54_s4.0]
JUNOS Kernel Software Suite [12.3-20140528_acx_x54_s4.0]
JUNOS Base OS boot [12.3-20140528_acx_x54_s4.0]
JUNOS Packet Forwarding Engine Support (ACX) [12.3-20140528_acx_x54_s4.0]
JUNOS Online Documentation [12.3-20140528_acx_x54_s4.0]
JUNOS Routing Software Suite [12.3-20140528_acx_x54_s4.0]

vmukhin@csr1.4-b-quark> 

vmukhin@csr1.4-b-quark> edit 
Entering configuration mode
Users currently editing the configuration:
  vmukhin terminal p0 (pid 56933) on since 2016-04-18 23:57:00 PDT, idle 00:30:25
      [edit]

[edit]
vmukhin@csr1.4-b-quark# edit groups global 

[edit groups global]
vmukhin@csr1.4-b-quark# save grp-global-original.conf 
Wrote 343 lines of configuration to 'grp-global-original.conf'

[edit groups global]
vmukhin@csr1.4-b-quark# exit 

[edit]
vmukhin@csr1.4-b-quark# edit groups re0 

[edit groups re0]
vmukhin@csr1.4-b-quark# show 
system {
    host-name csr1.4-b-quark;
}
interfaces {
    fxp0 {
        unit 0 {
            family inet {
                address 10.164.1.140/22;
            }
        }
    }
}

[edit groups re0]
vmukhin@csr1.4-b-quark# save grp-re0.conf 
Wrote 18 lines of configuration to 'grp-re0.conf'

[edit groups re0]
vmukhin@csr1.4-b-quark# exit 

[edit]
vmukhin@csr1.4-b-quark# exit 
Exiting configuration mode

vmukhin@csr1.4-b-quark> ftp 172.29.103.14 
Connected to 172.29.103.14.
220-FileZilla Server version 0.9.48 beta
220-written by Tim Kosse (tim.kosse@filezilla-project.org)
220 Please visit http://sourceforge.net/projects/filezilla/
Name (172.29.103.14:vmukhin): mamba
331 Password required for mamba
Password:
230 Logged on
Remote system type is UNIX.
ftp> binary
200 Type set to I
ftp> get ./MetroE3.0-PSPHT-with-OAM-PW/2015-02-28-v.01/csr1.4-MetroE3.0-PSPHT-with-OAM-PW.conf csr1.4-MetroE3.0-PSPHT-with-OAM-PW.conf
local: csr1.4-MetroE3.0-PSPHT-with-OAM-PW.conf remote: ./MetroE3.0-PSPHT-with-OAM-PW/2015-02-28-v.01/csr1.4-MetroE3.0-PSPHT-with-OAM-PW.conf
200 Port command successful
150 Opening data channel for file download from server of "/MetroE3.0-PSPHT-with-OAM-PW/2015-02-28-v.01/csr1.4-MetroE3.0-PSPHT-with-OAM-PW.conf"
100% |**********************************************************************************************************************************************************| 27316       00:00 ETAA
226 Successfully transferred "/MetroE3.0-PSPHT-with-OAM-PW/2015-02-28-v.01/csr1.4-MetroE3.0-PSPHT-with-OAM-PW.conf"
27316 bytes received in 0.10 seconds (273.59 KB/s)
ftp> quit
221 Goodbye

vmukhin@csr1.4-b-quark> edit 
Entering configuration mode
Users currently editing the configuration:
  vmukhin terminal p0 (pid 56933) on since 2016-04-18 23:57:00 PDT, idle 00:30:27
      [edit]

[edit]
vmukhin@csr1.4-b-quark# delete access 
warning: statement not found

[edit]
vmukhin@csr1.4-b-quark# delete services 
warning: statement not found

[edit]
vmukhin@csr1.4-b-quark# delete routing-instances 

[edit]
vmukhin@csr1.4-b-quark# delete protocols 

[edit]
vmukhin@csr1.4-b-quark# delete interfaces 

[edit]
vmukhin@csr1.4-b-quark# delete routing-options 

[edit]
vmukhin@csr1.4-b-quark# commit 
commit complete

[edit]
vmukhin@csr1.4-b-quark# load update csr1.4-MetroE3.0-PSPHT-with-OAM-PW.conf 
edit groups global
load complete

[edit]
vmukhin@csr1.4-b-quark# edit groups global 

[edit groups global]
vmukhin@csr1.4-b-quark# load replace grp-global-original.conf 
exit
load complete

[edit groups global]
vmukhin@csr1.4-b-quark# exit 

[edit]
vmukhin@csr1.4-b-quark# set apply-groups global 

[edit]
vmukhin@csr1.4-b-quark# edit groups re0 

[edit groups re0]
vmukhin@csr1.4-b-quark# load replace grp-re0.conf 
exit
load complete

[edit groups re0]
vmukhin@csr1.4-b-quark# exit 

[edit]
vmukhin@csr1.4-b-quark# set apply-groups re0 

[edit]
vmukhin@csr1.4-b-quark# commit 
commit complete

[edit]
--- JUNOS 12.3-20140528_acx_x54_s4.0 built 2014-05-28 18:14:01 UTC
At least one package installed on this device has limited support.
Run 'file show /etc/notices/unsupported.txt' for details.

vmukhin@csr1.4-b-quark> 

vmukhin@csr1.4-b-quark> 

vmukhin@csr1.4-b-quark> edit 
Entering configuration mode
Users currently editing the configuration:
  vmukhin terminal p0 (pid 56933) on since 2016-04-18 23:57:00 PDT, idle 03:06:37
      [edit]

[edit]
vmukhin@csr1.4-b-quark# save csr1.4-PWHT-GE-to-PS-2016.conf 
Wrote 976 lines of configuration to 'csr1.4-PWHT-GE-to-PS-2016.conf'

[edit]
vmukhin@csr1.4-b-quark# exit 
Exiting configuration mode

vmukhin@csr1.4-b-quark> ftp 172.29.103.14 
Connected to 172.29.103.14.
220-FileZilla Server version 0.9.48 beta
220-written by Tim Kosse (tim.kosse@filezilla-project.org)
220 Please visit http://sourceforge.net/projects/filezilla/
Name (172.29.103.14:vmukhin): mamba
331 Password required for mamba
Password:
230 Logged on
Remote system type is UNIX.
ftp> binary
200 Type set to I
ftp> cd ./PWHT-GE-to-PS-2016/2016-6-6-v.01
250 CWD successful. "/PWHT-GE-to-PS-2016/2016-6-6-v.01" is current directory.
ftp> put csr1.4-PWHT-GE-to-PS-2016.conf csr1.4-PWHT-GE-to-PS-2016.conf
local: csr1.4-PWHT-GE-to-PS-2016.conf remote: csr1.4-PWHT-GE-to-PS-2016.conf
200 Port command successful
150 Opening data channel for file upload to server of "/PWHT-GE-to-PS-2016/2016-6-6-v.01/csr1.4-PWHT-GE-to-PS-2016.conf"
100% |**********************************************************************************************************************************************************| 27842       00:00 ETAA
226 Successfully transferred "/PWHT-GE-to-PS-2016/2016-6-6-v.01/csr1.4-PWHT-GE-to-PS-2016.conf"
27842 bytes sent in 0.12 seconds (223.92 KB/s)
ftp> quit
221 Goodbye

