--- JUNOS 12.3R6.6 built 2014-03-13 06:58:30 UTC

vmukhin@eabu-sol-eng-dc-s9> 

vmukhin@eabu-sol-eng-dc-s9> 

vmukhin@eabu-sol-eng-dc-s9> edit 
Entering configuration mode

[edit]
vmukhin@eabu-sol-eng-dc-s9# ...r-Pinning-2016.conf                 
exit
Wrote 315 lines of configuration to 'switch-GVTC-Hear-Pinning-2016.conf'

[edit]
vmukhin@eabu-sol-eng-dc-s9# exit 
Exiting configuration mode

vmukhin@eabu-sol-eng-dc-s9> ftp 172.29.101.59 
Connected to 172.29.101.59.
220-FileZilla Server version 0.9.48 beta
220-written by Tim Kosse (tim.kosse@filezilla-project.org)
220 Please visit http://sourceforge.net/projects/filezilla/
Name (172.29.101.59:vmukhin): mamba
331 Password required for mamba
Password:
230 Logged on
Remote system type is UNIX.
ftp> binary
200 Type set to I
ftp> cd ./GVTC-Hear-Pinning-2016/2016-4-22-v.03
250 CWD successful. "/GVTC-Hear-Pinning-2016/2016-4-22-v.03" is current directory.
ftp> put switch-GVTC-Hear-Pinning-2016.conf switch-GVTC-Hear-Pinning-2016.conf
local: switch-GVTC-Hear-Pinning-2016.conf remote: switch-GVTC-Hear-Pinning-2016.conf
200 Port command successful
150 Opening data channel for file upload to server of "/GVTC-Hear-Pinning-2016/2016-4-22-v.03/switch-GVTC-Hear-Pinning-2016.conf"
100% |****************************************|  8609       00:00 ETA
226 Successfully transferred "/GVTC-Hear-Pinning-2016/2016-4-22-v.03/switch-GVTC-Hear-Pinning-2016.conf"
8609 bytes sent in 0.11 seconds (74.62 KB/s)
ftp> quit
221 Goodbye

--- JUNOS 12.3R6.6 built 2014-03-13 06:58:30 UTC

vmukhin@eabu-sol-eng-dc-s9> 

vmukhin@eabu-sol-eng-dc-s9> 

vmukhin@eabu-sol-eng-dc-s9> show version 
Hostname: eabu-sol-eng-dc-s9
Model: mx80-48t
JUNOS Base OS boot [12.3R6.6]
JUNOS Base OS Software Suite [12.3R6.6]
JUNOS Kernel Software Suite [12.3R6.6]
JUNOS Crypto Software Suite [12.3R6.6]
JUNOS Packet Forwarding Engine Support (MX80) [12.3R6.6]
JUNOS Online Documentation [12.3R6.6]
JUNOS Routing Software Suite [12.3R6.6]

vmukhin@eabu-sol-eng-dc-s9> 

vmukhin@eabu-sol-eng-dc-s9> edit 
Entering configuration mode

[edit]
vmukhin@eabu-sol-eng-dc-s9# edit groups global 

[edit groups global]
vmukhin@eabu-sol-eng-dc-s9# save grp-global-original.conf 
Wrote 100 lines of configuration to 'grp-global-original.conf'

[edit groups global]
vmukhin@eabu-sol-eng-dc-s9# exit 

[edit]
vmukhin@eabu-sol-eng-dc-s9# edit groups re0 

[edit groups re0]
vmukhin@eabu-sol-eng-dc-s9# show 
interfaces {
    fxp0 {
        unit 0 {
            family inet {
                address 10.164.1.136/23;
            }
        }
    }
}

[edit groups re0]
vmukhin@eabu-sol-eng-dc-s9# save grp-re0.conf 
Wrote 15 lines of configuration to 'grp-re0.conf'

[edit groups re0]
vmukhin@eabu-sol-eng-dc-s9# exit 

[edit]
vmukhin@eabu-sol-eng-dc-s9# exit 
Exiting configuration mode

vmukhin@eabu-sol-eng-dc-s9> ftp 172.29.101.59 
Connected to 172.29.101.59.
220-FileZilla Server version 0.9.48 beta
220-written by Tim Kosse (tim.kosse@filezilla-project.org)
220 Please visit http://sourceforge.net/projects/filezilla/
Name (172.29.101.59:vmukhin): mamba
331 Password required for mamba
Password:
230 Logged on
Remote system type is UNIX.
ftp> binary
200 Type set to I
ftp> get ./GVTC-Hear-Pinning-2016/2016-4-21-v.01/switch-GVTC-Hear-Pinning-2016.conf switch-GVTC-Hear-Pinning-2016.conf
local: switch-GVTC-Hear-Pinning-2016.conf remote: ./GVTC-Hear-Pinning-2016/2016-4-21-v.01/switch-GVTC-Hear-Pinning-2016.conf
200 Port command successful
150 Opening data channel for file download from server of "/GVTC-Hear-Pinning-2016/2016-4-21-v.01/switch-GVTC-Hear-Pinning-2016.conf"
100% |****************************************|  8609       00:00 ETA
226 Successfully transferred "/GVTC-Hear-Pinning-2016/2016-4-21-v.01/switch-GVTC-Hear-Pinning-2016.conf"
8609 bytes received in 0.01 seconds (1.06 MB/s)
ftp> quit
221 Goodbye

vmukhin@eabu-sol-eng-dc-s9> edit 
Entering configuration mode

[edit]
vmukhin@eabu-sol-eng-dc-s9# delete access 
warning: statement not found

[edit]
vmukhin@eabu-sol-eng-dc-s9# delete services 
warning: statement not found

[edit]
vmukhin@eabu-sol-eng-dc-s9# delete routing-instances 

[edit]
vmukhin@eabu-sol-eng-dc-s9# delete protocols 

[edit]
vmukhin@eabu-sol-eng-dc-s9# delete interfaces 

[edit]
vmukhin@eabu-sol-eng-dc-s9# delete routing-options 

[edit]
vmukhin@eabu-sol-eng-dc-s9# commit 
commit complete

[edit]
vmukhin@eabu-sol-eng-dc-s9# ...VTC-Hear-Pinning-2016.conf          
edit groups global
load replace grp-global-original.conf
load complete

[edit]
vmukhin@eabu-sol-eng-dc-s9# edit groups global 

[edit groups global]
vmukhin@eabu-sol-eng-dc-s9# ...bal-original.conf                   
exit
set apply-groups global
edit groups re0
load complete

[edit groups global]
vmukhin@eabu-sol-eng-dc-s9# exit 

[edit]
vmukhin@eabu-sol-eng-dc-s9# set apply-groups global 

[edit]
vmukhin@eabu-sol-eng-dc-s9# edit groups re0 

[edit groups re0]
vmukhin@eabu-sol-eng-dc-s9# load replace grp-re0.conf 
set apply-groups re0
commit
load complete

[edit groups re0]
vmukhin@eabu-sol-eng-dc-s9# exit 

[edit]
vmukhin@eabu-sol-eng-dc-s9# set apply-groups re0 

[edit]
vmukhin@eabu-sol-eng-dc-s9# commit 
commit complete

[edit]
--- JUNOS 12.3R6.6 built 2014-03-13 06:58:30 UTC

vmukhin@eabu-sol-eng-dc-s9> 

vmukhin@eabu-sol-eng-dc-s9> 

vmukhin@eabu-sol-eng-dc-s9> edit 
Entering configuration mode

[edit]
vmukhin@eabu-sol-eng-dc-s9# ...r-Pinning-2016.conf                 
exit
Wrote 315 lines of configuration to 'switch-GVTC-Hear-Pinning-2016.conf'

[edit]
vmukhin@eabu-sol-eng-dc-s9# exit 
Exiting configuration mode

vmukhin@eabu-sol-eng-dc-s9> ftp 172.29.101.59 
Connected to 172.29.101.59.
220-FileZilla Server version 0.9.48 beta
220-written by Tim Kosse (tim.kosse@filezilla-project.org)
220 Please visit http://sourceforge.net/projects/filezilla/
Name (172.29.101.59:vmukhin): mamba
331 Password required for mamba
Password:
230 Logged on
Remote system type is UNIX.
ftp> binary
200 Type set to I
ftp> cd ./GVTC-Hear-Pinning-2016/2016-4-22-v.04
250 CWD successful. "/GVTC-Hear-Pinning-2016/2016-4-22-v.04" is current directory.
ftp> put switch-GVTC-Hear-Pinning-2016.conf switch-GVTC-Hear-Pinning-2016.conf
local: switch-GVTC-Hear-Pinning-2016.conf remote: switch-GVTC-Hear-Pinning-2016.conf
200 Port command successful
150 Opening data channel for file upload to server of "/GVTC-Hear-Pinning-2016/2016-4-22-v.04/switch-GVTC-Hear-Pinning-2016.conf"
100% |****************************************|  8609       00:00 ETA
226 Successfully transferred "/GVTC-Hear-Pinning-2016/2016-4-22-v.04/switch-GVTC-Hear-Pinning-2016.conf"
8609 bytes sent in 0.09 seconds (93.59 KB/s)
ftp> quit
221 Goodbye

--- JUNOS 12.3R6.6 built 2014-03-13 06:58:30 UTC

vmukhin@eabu-sol-eng-dc-s9> 

vmukhin@eabu-sol-eng-dc-s9> 

vmukhin@eabu-sol-eng-dc-s9> show version 
Hostname: eabu-sol-eng-dc-s9
Model: mx80-48t
JUNOS Base OS boot [12.3R6.6]
JUNOS Base OS Software Suite [12.3R6.6]
JUNOS Kernel Software Suite [12.3R6.6]
JUNOS Crypto Software Suite [12.3R6.6]
JUNOS Packet Forwarding Engine Support (MX80) [12.3R6.6]
JUNOS Online Documentation [12.3R6.6]
JUNOS Routing Software Suite [12.3R6.6]

vmukhin@eabu-sol-eng-dc-s9> 

vmukhin@eabu-sol-eng-dc-s9> edit 
Entering configuration mode

[edit]
vmukhin@eabu-sol-eng-dc-s9# edit groups global 

[edit groups global]
vmukhin@eabu-sol-eng-dc-s9# save grp-global-original.conf 
Wrote 100 lines of configuration to 'grp-global-original.conf'

[edit groups global]
vmukhin@eabu-sol-eng-dc-s9# exit 

[edit]
vmukhin@eabu-sol-eng-dc-s9# edit groups re0 

[edit groups re0]
vmukhin@eabu-sol-eng-dc-s9# show 
interfaces {
    fxp0 {
        unit 0 {
            family inet {
                address 10.164.1.136/23;
            }
        }
    }
}

[edit groups re0]
vmukhin@eabu-sol-eng-dc-s9# save grp-re0.conf 
Wrote 15 lines of configuration to 'grp-re0.conf'

[edit groups re0]
vmukhin@eabu-sol-eng-dc-s9# exit 

[edit]
vmukhin@eabu-sol-eng-dc-s9# exit 
Exiting configuration mode

vmukhin@eabu-sol-eng-dc-s9> ftp 172.29.101.59 
Connected to 172.29.101.59.
220-FileZilla Server version 0.9.48 beta
220-written by Tim Kosse (tim.kosse@filezilla-project.org)
220 Please visit http://sourceforge.net/projects/filezilla/
Name (172.29.101.59:vmukhin): mamba
331 Password required for mamba
Password:
230 Logged on
Remote system type is UNIX.
ftp> binary
200 Type set to I
ftp> get ./gvtc-service-all-ACX5K-Nov-13-2015/2015-11-13-v.01/switch-gvtc-service-all-ACX5K-Nov-13-2015.conf switch-gvtc-service-all-ACX5K-Nov-13-2015.conf
local: switch-gvtc-service-all-ACX5K-Nov-13-2015.conf remote: ./gvtc-service-all-ACX5K-Nov-13-2015/2015-11-13-v.01/switch-gvtc-service-all-ACX5K-Nov-13-2015.conf
200 Port command successful
150 Opening data channel for file download from server of "/gvtc-service-all-ACX5K-Nov-13-2015/2015-11-13-v.01/switch-gvtc-service-all-ACX5K-Nov-13-2015.conf"
100% |****************************************|  6743       00:00 ETA
226 Successfully transferred "/gvtc-service-all-ACX5K-Nov-13-2015/2015-11-13-v.01/switch-gvtc-service-all-ACX5K-Nov-13-2015.conf"
6743 bytes received in 0.01 seconds (788.90 KB/s)
ftp> quit
221 Goodbye

vmukhin@eabu-sol-eng-dc-s9> edit 
Entering configuration mode

[edit]
vmukhin@eabu-sol-eng-dc-s9# delete access 
warning: statement not found

[edit]
vmukhin@eabu-sol-eng-dc-s9# delete services 
warning: statement not found

[edit]
vmukhin@eabu-sol-eng-dc-s9# delete routing-instances 

[edit]
vmukhin@eabu-sol-eng-dc-s9# delete protocols 

[edit]
vmukhin@eabu-sol-eng-dc-s9# delete interfaces 

[edit]
vmukhin@eabu-sol-eng-dc-s9# delete routing-options 

[edit]
vmukhin@eabu-sol-eng-dc-s9# commit 
commit complete

[edit]
vmukhin@eabu-sol-eng-dc-s9# ...CX5K-Nov-13-2015.conf               
edit groups global
load replace grp-global-original.conf
exit
load complete

[edit]
vmukhin@eabu-sol-eng-dc-s9# edit groups global 

set apply-groups global
[edit groups global]
vmukhin@eabu-sol-eng-dc-s9# ...bal-original.conf                   
set apply-groups global
edit groups re0
load replace grp-re0.conf
load complete

[edit groups global]
vmukhin@eabu-sol-eng-dc-s9# exit 

[edit]
vmukhin@eabu-sol-eng-dc-s9# set apply-groups global 

[edit]
vmukhin@eabu-sol-eng-dc-s9# edit groups re0 

[edit groups re0]
vmukhin@eabu-sol-eng-dc-s9# load replace grp-re0.conf 
load complete

[edit groups re0]
vmukhin@eabu-sol-eng-dc-s9# exit 

[edit]
vmukhin@eabu-sol-eng-dc-s9# set apply-groups re0 

[edit]
vmukhin@eabu-sol-eng-dc-s9# commit 
commit complete

[edit]
