--- JUNOS 15.1X54-D50.10 built 2016-04-18 12:20:17 UTC

{master:0}
vmukhin@t-quark> 

{master:0}
vmukhin@t-quark> 

{master:0}
vmukhin@t-quark> edit 
Entering configuration mode
Users currently editing the configuration:
  vmukhin terminal p0 (pid 3710) on since 2016-04-22 11:43:36 PDT, idle 00:04:10
      {master:0}[edit]
The configuration has been changed but not committed

{master:0}[edit]
vmukhin@t-quark# save csr1.1-GVTC-Hear-Pinning-2016.conf 
Wrote 576 lines of configuration to 'csr1.1-GVTC-Hear-Pinning-2016.conf'

{master:0}[edit]
vmukhin@t-quark# exit 
The configuration has been changed but not committed
Exit with uncommitted changes? [yes,no] (yes) yes 

Exiting configuration mode

{master:0}
vmukhin@t-quark> ftp 172.29.101.59 
Connected to 172.29.101.59.
220-FileZilla Server version 0.9.48 beta
220-written by Tim Kosse (tim.kosse@filezilla-project.org)
220 Please visit http://sourceforge.net/projects/filezilla/
Name (172.29.101.59:vmukhin): mamba
331 Password required for mamba
Password:
230 Logged on
Remote system type is UNIX.
ftp> binary
200 Type set to I
ftp> cd ./GVTC-Hear-Pinning-2016/2016-4-22-v.03
250 CWD successful. "/GVTC-Hear-Pinning-2016/2016-4-22-v.03" is current directory.
ftp> put csr1.1-GVTC-Hear-Pinning-2016.conf csr1.1-GVTC-Hear-Pinning-2016.conf
local: csr1.1-GVTC-Hear-Pinning-2016.conf remote: csr1.1-GVTC-Hear-Pinning-2016.conf
200 Port command successful
150 Opening data channel for file upload to server of "/GVTC-Hear-Pinning-2016/2016-4-22-v.03/csr1.1-GVTC-Hear-Pinning-2016.conf"
100% |****************************************| 16512       00:00 ETA
226 Successfully transferred "/GVTC-Hear-Pinning-2016/2016-4-22-v.03/csr1.1-GVTC-Hear-Pinning-2016.conf"
16512 bytes sent in 0.13 seconds (126.10 KB/s)
ftp> quit
221 Goodbye

{master:0}
--- JUNOS 15.1X54-D50.10 built 2016-04-18 12:20:17 UTC

{master:0}
vmukhin@t-quark> 

{master:0}
vmukhin@t-quark> 

{master:0}
vmukhin@t-quark> show version 
fpc0:
--------------------------------------------------------------------------
Hostname: t-quark
Model: acx5096
Junos: 15.1X54-D50.10
JUNOS Base OS boot [15.1X54-D50.10]
JUNOS Online Documentation [15.1X54-D50.10]
JUNOS Crypto Software Suite [15.1X54-D50.10]
JUNOS Base OS Software Suite [15.1X54-D50.10]
JUNOS Packet Forwarding Engine Support (acx5k) [15.1X54-D50.10]
JUNOS Kernel Software Suite [15.1X54-D50.10]
JUNOS Routing Software Suite [15.1X54-D50.10]
JUNOS Enterprise Software Suite [15.1X54-D50.10]
JUNOS py-base-i386 [15.1X54-D50.10]
JUNOS Host Software [13.2I20150406_2016_rbu-builder]

{master:0}
vmukhin@t-quark> 

{master:0}
vmukhin@t-quark> edit 
Entering configuration mode
Users currently editing the configuration:
  vmukhin terminal p0 (pid 3710) on since 2016-04-22 11:43:36 PDT, idle 00:04:50
      {master:0}[edit]
The configuration has been changed but not committed

{master:0}[edit]
vmukhin@t-quark# edit groups global 

{master:0}[edit groups global]
vmukhin@t-quark# save grp-global-original.conf 
Wrote 336 lines of configuration to 'grp-global-original.conf'

{master:0}[edit groups global]
vmukhin@t-quark# exit 

{master:0}[edit]
vmukhin@t-quark# edit groups member0 

{master:0}[edit groups member0]
vmukhin@t-quark# show 
system {
    host-name t-quark;
}
interfaces {
    em0 {
        unit 0 {
            family inet {
                address 10.164.1.146/23;
            }
        }
    }
}

{master:0}[edit groups member0]
vmukhin@t-quark# save grp-member0.conf 
Wrote 18 lines of configuration to 'grp-member0.conf'

{master:0}[edit groups member0]
vmukhin@t-quark# exit 

{master:0}[edit]
vmukhin@t-quark# exit 
The configuration has been changed but not committed
Exit with uncommitted changes? [yes,no] (yes) yes 

Exiting configuration mode

{master:0}
vmukhin@t-quark> ftp 172.29.101.59 
Connected to 172.29.101.59.
220-FileZilla Server version 0.9.48 beta
220-written by Tim Kosse (tim.kosse@filezilla-project.org)
220 Please visit http://sourceforge.net/projects/filezilla/
Name (172.29.101.59:vmukhin): mamba
331 Password required for mamba
Password:
230 Logged on
Remote system type is UNIX.
ftp> binary
200 Type set to I
ftp> get ./GVTC-Hear-Pinning-2016/2016-4-21-v.01/csr1.1-GVTC-Hear-Pinning-2016.conf csr1.1-GVTC-Hear-Pinning-2016.conf
local: csr1.1-GVTC-Hear-Pinning-2016.conf remote: ./GVTC-Hear-Pinning-2016/2016-4-21-v.01/csr1.1-GVTC-Hear-Pinning-2016.conf
200 Port command successful
150 Opening data channel for file download from server of "/GVTC-Hear-Pinning-2016/2016-4-21-v.01/csr1.1-GVTC-Hear-Pinning-2016.conf"
100% |****************************************| 15978       00:00 ETA
226 Successfully transferred "/GVTC-Hear-Pinning-2016/2016-4-21-v.01/csr1.1-GVTC-Hear-Pinning-2016.conf"
15978 bytes received in 0.08 seconds (204.31 KB/s)
ftp> quit
221 Goodbye

{master:0}
vmukhin@t-quark> edit 
Entering configuration mode
Users currently editing the configuration:
  vmukhin terminal p0 (pid 3710) on since 2016-04-22 11:43:36 PDT, idle 00:05:09
      {master:0}[edit]
The configuration has been changed but not committed

{master:0}[edit]
vmukhin@t-quark# delete access 
warning: statement not found

{master:0}[edit]
vmukhin@t-quark# delete services 
warning: statement not found

{master:0}[edit]
vmukhin@t-quark# delete routing-instances 

{master:0}[edit]
vmukhin@t-quark# delete protocols 

{master:0}[edit]
vmukhin@t-quark# delete interfaces 

{master:0}[edit]
vmukhin@t-quark# delete routing-options 
warning: statement not found

{master:0}[edit]
vmukhin@t-quark# commit 
configuration check succeeds
commit complete

{master:0}[edit]
vmukhin@t-quark# load update csr1.1-GVTC-Hear-Pinning-2016.conf 
edit groups global
load complete

{master:0}[edit]
vmukhin@t-quark# edit groups global 

{master:0}[edit groups global]
vmukhin@t-quark# load replace grp-global-original.conf 
exit
load complete

{master:0}[edit groups global]
vmukhin@t-quark# exit 

{master:0}[edit]
vmukhin@t-quark# set apply-groups global 
edit groups member0

{master:0}[edit]
vmukhin@t-quark# edit groups member0 

{master:0}[edit groups member0]
vmukhin@t-quark# load replace grp-member0.conf 
exit
load complete

{master:0}[edit groups member0]
vmukhin@t-quark# exit 

{master:0}[edit]
vmukhin@t-quark# set apply-groups member0 

{master:0}[edit]
vmukhin@t-quark# commit 
configuration check succeeds
commit complete

{master:0}[edit]
--- JUNOS 15.1X54-D50.10 built 2016-04-18 12:20:17 UTC

{master:0}
vmukhin@t-quark> 

{master:0}
vmukhin@t-quark> 

{master:0}
vmukhin@t-quark> edit 
Entering configuration mode
Users currently editing the configuration:
  vmukhin terminal p0 (pid 5030) on since 2016-04-22 15:48:03 PDT, idle 00:00:37
      {master:0}[edit]

{master:0}[edit]
vmukhin@t-quark# save csr1.1-GVTC-Hear-Pinning-2016.conf 
Wrote 590 lines of configuration to 'csr1.1-GVTC-Hear-Pinning-2016.conf'

{master:0}[edit]
vmukhin@t-quark# exit 
Exiting configuration mode

{master:0}
vmukhin@t-quark> ftp 172.29.101.59 
Connected to 172.29.101.59.
220-FileZilla Server version 0.9.48 beta
220-written by Tim Kosse (tim.kosse@filezilla-project.org)
220 Please visit http://sourceforge.net/projects/filezilla/
Name (172.29.101.59:vmukhin): mamba
331 Password required for mamba
Password:
230 Logged on
Remote system type is UNIX.
ftp> binary
200 Type set to I
ftp> cd ./GVTC-Hear-Pinning-2016/2016-4-22-v.04
250 CWD successful. "/GVTC-Hear-Pinning-2016/2016-4-22-v.04" is current directory.
ftp> put csr1.1-GVTC-Hear-Pinning-2016.conf csr1.1-GVTC-Hear-Pinning-2016.conf
local: csr1.1-GVTC-Hear-Pinning-2016.conf remote: csr1.1-GVTC-Hear-Pinning-2016.conf
200 Port command successful
150 Opening data channel for file upload to server of "/GVTC-Hear-Pinning-2016/2016-4-22-v.04/csr1.1-GVTC-Hear-Pinning-2016.conf"
100% |****************************************| 16897       00:00 ETA
226 Successfully transferred "/GVTC-Hear-Pinning-2016/2016-4-22-v.04/csr1.1-GVTC-Hear-Pinning-2016.conf"
16897 bytes sent in 0.11 seconds (143.56 KB/s)
ftp> quit
221 Goodbye

{master:0}
--- JUNOS 15.1X54-D50.10 built 2016-04-18 12:20:17 UTC

{master:0}
vmukhin@t-quark> 

{master:0}
vmukhin@t-quark> 

{master:0}
vmukhin@t-quark> show version 
fpc0:
--------------------------------------------------------------------------
Hostname: t-quark
Model: acx5096
Junos: 15.1X54-D50.10
JUNOS Base OS boot [15.1X54-D50.10]
JUNOS Online Documentation [15.1X54-D50.10]
JUNOS Crypto Software Suite [15.1X54-D50.10]
JUNOS Base OS Software Suite [15.1X54-D50.10]
JUNOS Packet Forwarding Engine Support (acx5k) [15.1X54-D50.10]
JUNOS Kernel Software Suite [15.1X54-D50.10]
JUNOS Routing Software Suite [15.1X54-D50.10]
JUNOS Enterprise Software Suite [15.1X54-D50.10]
JUNOS py-base-i386 [15.1X54-D50.10]
JUNOS Host Software [13.2I20150406_2016_rbu-builder]

{master:0}
vmukhin@t-quark> 

{master:0}
vmukhin@t-quark> edit 
Entering configuration mode
Users currently editing the configuration:
  vmukhin terminal p0 (pid 5030) on since 2016-04-22 15:48:03 PDT, idle 00:06:40
      {master:0}[edit]

{master:0}[edit]
vmukhin@t-quark# edit groups global 

{master:0}[edit groups global]
vmukhin@t-quark# save grp-global-original.conf 
Wrote 336 lines of configuration to 'grp-global-original.conf'

{master:0}[edit groups global]
vmukhin@t-quark# exit 

{master:0}[edit]
vmukhin@t-quark# edit groups member0 

{master:0}[edit groups member0]
vmukhin@t-quark# show 
system {
    host-name t-quark;
}
interfaces {
    em0 {
        unit 0 {
            family inet {
                address 10.164.1.146/23;
            }
        }
    }
}

{master:0}[edit groups member0]
vmukhin@t-quark# save grp-member0.conf 
Wrote 18 lines of configuration to 'grp-member0.conf'

{master:0}[edit groups member0]
vmukhin@t-quark# exit 

{master:0}[edit]
vmukhin@t-quark# exit 
Exiting configuration mode

{master:0}
vmukhin@t-quark> ftp 172.29.101.59 
Connected to 172.29.101.59.
220-FileZilla Server version 0.9.48 beta
220-written by Tim Kosse (tim.kosse@filezilla-project.org)
220 Please visit http://sourceforge.net/projects/filezilla/
Name (172.29.101.59:vmukhin): mamba
331 Password required for mamba
Password:
230 Logged on
Remote system type is UNIX.
ftp> binary
200 Type set to I
ftp> get ./gvtc-service-all-ACX5K-Nov-13-2015/2015-11-13-v.01/csr1.1-gvtc-service-all-ACX5K-Nov-13-2015.conf csr1.1-gvtc-service-all-ACX5K-Nov-13-2015.conf
local: csr1.1-gvtc-service-all-ACX5K-Nov-13-2015.conf remote: ./gvtc-service-all-ACX5K-Nov-13-2015/2015-11-13-v.01/csr1.1-gvtc-service-all-ACX5K-Nov-13-2015.conf
200 Port command successful
150 Opening data channel for file download from server of "/gvtc-service-all-ACX5K-Nov-13-2015/2015-11-13-v.01/csr1.1-gvtc-service-all-ACX5K-Nov-13-2015.conf"
100% |****************************************| 32937       00:00 ETA
226 Successfully transferred "/gvtc-service-all-ACX5K-Nov-13-2015/2015-11-13-v.01/csr1.1-gvtc-service-all-ACX5K-Nov-13-2015.conf"
32937 bytes received in 0.11 seconds (299.06 KB/s)
ftp> quit
221 Goodbye

{master:0}
vmukhin@t-quark> edit 
Entering configuration mode
Users currently editing the configuration:
  vmukhin terminal p0 (pid 5030) on since 2016-04-22 15:48:03 PDT, idle 00:06:41
      {master:0}[edit]

{master:0}[edit]
vmukhin@t-quark# delete access 
warning: statement not found

{master:0}[edit]
vmukhin@t-quark# delete services 
warning: statement not found

{master:0}[edit]
vmukhin@t-quark# delete routing-instances 

{master:0}[edit]
vmukhin@t-quark# delete protocols 

{master:0}[edit]
vmukhin@t-quark# delete interfaces 

{master:0}[edit]
vmukhin@t-quark# delete routing-options 
warning: statement not found

{master:0}[edit]
vmukhin@t-quark# commit 
configuration check succeeds
commit complete

{master:0}[edit]
vmukhin@t-quark# ...vtc-service-all-ACX5K-Nov-13-2015.conf         
edit groups global
load replace grp-global-original.conf
load complete

{master:0}[edit]
vmukhin@t-quark# edit groups global 

{master:0}[edit groups global]
vmukhin@t-quark# load replace grp-global-original.conf 
exit
set apply-groups global
load complete

{master:0}[edit groups global]
vmukhin@t-quark# exit 

{master:0}[edit]
vmukhin@t-quark# set apply-groups global 

{master:0}[edit]
vmukhin@t-quark# edit groups member0 

{master:0}[edit groups member0]
vmukhin@t-quark# load replace grp-member0.conf 
exit
load complete

{master:0}[edit groups member0]
vmukhin@t-quark# exit 

{master:0}[edit]
vmukhin@t-quark# set apply-groups member0 

{master:0}[edit]
vmukhin@t-quark# commit 
configuration check succeeds
commit complete

{master:0}[edit]
