--- JUNOS 14.1R2.12 built 2014-08-06 10:01:16 UTC

vmukhin@meson> 

vmukhin@meson> 

vmukhin@meson> show version 
Hostname: meson
Model: mx80-p
Junos: 14.1R2.12
JUNOS Base OS boot [14.1R2.12]
JUNOS Base OS Software Suite [14.1R2.12]
JUNOS Kernel Software Suite [14.1R2.12]
JUNOS Crypto Software Suite [14.1R2.12]
JUNOS Packet Forwarding Engine Support (MX80) [14.1R2.12]
JUNOS Online Documentation [14.1R2.12]
JUNOS Services Application Level Gateways [14.1R2.12]
JUNOS Services Jflow Container package [14.1R2.12]
JUNOS Services Stateful Firewall [14.1R2.12]
JUNOS Services NAT [14.1R2.12]
JUNOS Services RPM [14.1R2.12]
JUNOS Services Crypto [14.1R2.12]
JUNOS Services SSL [14.1R2.12]
JUNOS Services IPSec [14.1R2.12]
JUNOS Routing Software Suite [14.1R2.12]

vmukhin@meson> 

vmukhin@meson> edit 
Entering configuration mode
Users currently editing the configuration:
  vmukhin terminal p0 (pid 55980) on since 2016-06-06 13:35:22 PDT, idle 00:35:39
      [edit]

[edit]
vmukhin@meson# edit groups global 

[edit groups global]
vmukhin@meson# save grp-global-original.conf 
Wrote 308 lines of configuration to 'grp-global-original.conf'

[edit groups global]
vmukhin@meson# exit 

[edit]
vmukhin@meson# edit groups re0 

[edit groups re0]
vmukhin@meson# show 
system {
    host-name meson;
}
interfaces {
    fxp0 {
        unit 0 {
            family inet {
                address 10.164.1.143/23;
            }
        }
    }
}

[edit groups re0]
vmukhin@meson# save grp-re0.conf 
Wrote 18 lines of configuration to 'grp-re0.conf'

[edit groups re0]
vmukhin@meson# exit 

[edit]
vmukhin@meson# exit 
Exiting configuration mode

vmukhin@meson> ftp 172.29.103.14 
Connected to 172.29.103.14.
220-FileZilla Server version 0.9.48 beta
220-written by Tim Kosse (tim.kosse@filezilla-project.org)
220 Please visit http://sourceforge.net/projects/filezilla/
Name (172.29.103.14:vmukhin): mamba
331 Password required for mamba
Password:
230 Logged on
Remote system type is UNIX.
ftp> binary
200 Type set to I
ftp> get ./ce20-service-all-plus-ce-and-mbh-mng-good-Aug-24/2013-08-25-v.01/ag1.1-ce20-service-all-plus-ce-and-mbh-mng-good-Aug-24.conf ag1.1-ce20-service-all-plus-ce-and-mbh-mng-good-Aug-24.conf
local: ag1.1-ce20-service-all-plus-ce-and-mbh-mng-good-Aug-24.conf remote: ./ce20-service-all-plus-ce-and-mbh-mng-good-Aug-24/2013-08-25-v.01/ag1.1-ce20-service-all-plus-ce-and-mbh-mng-good-Aug-24.conf
200 Port command successful
150 Opening data channel for file download from server of "/ce20-service-all-plus-ce-and-mbh-mng-good-Aug-24/2013-08-25-v.01/ag1.1-ce20-service-all-plus-ce-and-mbh-mng-good-Aug-24.conf"
100% |**********************************************************************************************************************************************************| 55414       00:00 ETAA
226 Successfully transferred "/ce20-service-all-plus-ce-and-mbh-mng-good-Aug-24/2013-08-25-v.01/ag1.1-ce20-service-all-plus-ce-and-mbh-mng-good-Aug-24.conf"
55414 bytes received in 0.12 seconds (435.70 KB/s)
ftp> quit
221 Goodbye

vmukhin@meson> edit 
Entering configuration mode
Users currently editing the configuration:
  vmukhin terminal p0 (pid 55980) on since 2016-06-06 13:35:22 PDT, idle 00:35:41
      [edit]

[edit]
vmukhin@meson# delete access 
warning: statement not found

[edit]
vmukhin@meson# delete services 
warning: statement not found

[edit]
vmukhin@meson# delete routing-instances 

[edit]
vmukhin@meson# delete protocols 

[edit]
vmukhin@meson# delete interfaces 

[edit]
vmukhin@meson# delete routing-options 

[edit]
vmukhin@meson# commit 
commit complete
load update ag1.1-ce20-service-all-plus-ce-and-mbh-mng-good-Aug-24.conf

[edit]
vmukhin@meson# load update ag1.1-ce20-service-all-plus-ce-and-mbh-mng-good-Aug-24.conf 
edit groups global
load complete

[edit]
vmukhin@meson# edit groups global 

[edit groups global]
vmukhin@meson# load replace grp-global-original.conf 
load complete

[edit groups global]
vmukhin@meson# exit 

[edit]
vmukhin@meson# set apply-groups global 

[edit]
vmukhin@meson# edit groups re0 

[edit groups re0]
vmukhin@meson# load replace grp-re0.conf 
exit
load complete

[edit groups re0]
vmukhin@meson# exit 

[edit]
vmukhin@meson# set apply-groups re0 

[edit]
vmukhin@meson# commit 
commit complete

[edit]
--- JUNOS 14.1R2.12 built 2014-08-06 10:01:16 UTC

vmukhin@meson> 

vmukhin@meson> 

vmukhin@meson> show version 
Hostname: meson
Model: mx80-p
Junos: 14.1R2.12
JUNOS Base OS boot [14.1R2.12]
JUNOS Base OS Software Suite [14.1R2.12]
JUNOS Kernel Software Suite [14.1R2.12]
JUNOS Crypto Software Suite [14.1R2.12]
JUNOS Packet Forwarding Engine Support (MX80) [14.1R2.12]
JUNOS Online Documentation [14.1R2.12]
JUNOS Services Application Level Gateways [14.1R2.12]
JUNOS Services Jflow Container package [14.1R2.12]
JUNOS Services Stateful Firewall [14.1R2.12]
JUNOS Services NAT [14.1R2.12]
JUNOS Services RPM [14.1R2.12]
JUNOS Services Crypto [14.1R2.12]
JUNOS Services SSL [14.1R2.12]
JUNOS Services IPSec [14.1R2.12]
JUNOS Routing Software Suite [14.1R2.12]

vmukhin@meson> 

vmukhin@meson> edit 
Entering configuration mode
Users currently editing the configuration:
  vmukhin terminal p0 (pid 55980) on since 2016-06-06 13:35:22 PDT, idle 03:34:10
      [edit]
  vmukhin terminal p1 (pid 56960) on since 2016-06-06 18:09:42 PDT, idle 01:42:26
      [edit interfaces ge-1/2/0 unit 555]
The configuration has been changed but not committed

[edit]
vmukhin@meson# edit groups global 

[edit groups global]
vmukhin@meson# save grp-global-original.conf 
Wrote 308 lines of configuration to 'grp-global-original.conf'

[edit groups global]
vmukhin@meson# exit 

[edit]
vmukhin@meson# edit groups re0 

[edit groups re0]
vmukhin@meson# show 
system {
    host-name meson;
}
interfaces {
    fxp0 {
        unit 0 {
            family inet {
                address 10.164.1.143/23;
            }
        }
    }
}

[edit groups re0]
vmukhin@meson# save grp-re0.conf 
Wrote 18 lines of configuration to 'grp-re0.conf'

[edit groups re0]
vmukhin@meson# exit 

[edit]
vmukhin@meson# exit 
The configuration has been changed but not committed
Exit with uncommitted changes? [yes,no] (yes) yes 

Exiting configuration mode

vmukhin@meson> ftp 172.29.103.14 
Connected to 172.29.103.14.
220-FileZilla Server version 0.9.48 beta
220-written by Tim Kosse (tim.kosse@filezilla-project.org)
220 Please visit http://sourceforge.net/projects/filezilla/
Name (172.29.103.14:vmukhin): mamba
331 Password required for mamba
Password:
230 Logged on
Remote system type is UNIX.
ftp> binary
200 Type set to I
ftp> get ./BlueSky1.0-MBH-Sep-16-2014/2014-08-19-v.01/ag1.1-BlueSky1.0-MBH-Sep-16-2014.conf ag1.1-BlueSky1.0-MBH-Sep-16-2014.conf
local: ag1.1-BlueSky1.0-MBH-Sep-16-2014.conf remote: ./BlueSky1.0-MBH-Sep-16-2014/2014-08-19-v.01/ag1.1-BlueSky1.0-MBH-Sep-16-2014.conf
200 Port command successful
150 Opening data channel for file download from server of "/BlueSky1.0-MBH-Sep-16-2014/2014-08-19-v.01/ag1.1-BlueSky1.0-MBH-Sep-16-2014.conf"
100% |**********************************************************************************************************************************************************| 38212       00:00 ETAA
226 Successfully transferred "/BlueSky1.0-MBH-Sep-16-2014/2014-08-19-v.01/ag1.1-BlueSky1.0-MBH-Sep-16-2014.conf"
38212 bytes received in 0.01 seconds (4.14 MB/s)
ftp> quit
221 Goodbye

vmukhin@meson> edit 
Entering configuration mode
Users currently editing the configuration:
  vmukhin terminal p0 (pid 55980) on since 2016-06-06 13:35:22 PDT, idle 03:36:34
      [edit]
  vmukhin terminal p1 (pid 56960) on since 2016-06-06 18:09:42 PDT, idle 01:44:50
      [edit interfaces ge-1/2/0 unit 555]
The configuration has been changed but not committed

[edit]
vmukhin@meson# delete access 
warning: statement not found

[edit]
vmukhin@meson# delete services 
warning: statement not found

[edit]
vmukhin@meson# delete routing-instances 

[edit]
vmukhin@meson# delete protocols 

[edit]
vmukhin@meson# delete interfaces 

[edit]
vmukhin@meson# delete routing-options 

[edit]
vmukhin@meson# commit 
commit complete

[edit]
vmukhin@meson# load update ag1.1-BlueSky1.0-MBH-Sep-16-2014.conf 
edit groups global
load complete

[edit]
vmukhin@meson# edit groups global 

[edit groups global]
vmukhin@meson# load replace grp-global-original.conf 
exit
load complete

[edit groups global]
vmukhin@meson# exit 

[edit]
vmukhin@meson# set apply-groups global 

[edit]
vmukhin@meson# edit groups re0 

[edit groups re0]
vmukhin@meson# load replace grp-re0.conf 
exit
load complete

[edit groups re0]
vmukhin@meson# exit 

[edit]
vmukhin@meson# set apply-groups re0 

[edit]
vmukhin@meson# commit 
commit complete

[edit]
--- JUNOS 14.1R2.12 built 2014-08-06 10:01:16 UTC

vmukhin@meson> 

vmukhin@meson> 

vmukhin@meson> show version 
Hostname: meson
Model: mx80-p
Junos: 14.1R2.12
JUNOS Base OS boot [14.1R2.12]
JUNOS Base OS Software Suite [14.1R2.12]
JUNOS Kernel Software Suite [14.1R2.12]
JUNOS Crypto Software Suite [14.1R2.12]
JUNOS Packet Forwarding Engine Support (MX80) [14.1R2.12]
JUNOS Online Documentation [14.1R2.12]
JUNOS Services Application Level Gateways [14.1R2.12]
JUNOS Services Jflow Container package [14.1R2.12]
JUNOS Services Stateful Firewall [14.1R2.12]
JUNOS Services NAT [14.1R2.12]
JUNOS Services RPM [14.1R2.12]
JUNOS Services Crypto [14.1R2.12]
JUNOS Services SSL [14.1R2.12]
JUNOS Services IPSec [14.1R2.12]
JUNOS Routing Software Suite [14.1R2.12]

vmukhin@meson> 

vmukhin@meson> edit 
Entering configuration mode
Users currently editing the configuration:
  vmukhin terminal p0 (pid 55980) on since 2016-06-06 13:35:22 PDT, idle 03:45:47
      [edit]
  vmukhin terminal p1 (pid 56960) on since 2016-06-06 18:09:42 PDT, idle 00:05:58
      [edit]

[edit]
vmukhin@meson# edit groups global 

[edit groups global]
vmukhin@meson# save grp-global-original.conf 
Wrote 308 lines of configuration to 'grp-global-original.conf'

[edit groups global]
vmukhin@meson# exit 

[edit]
vmukhin@meson# edit groups re0 

[edit groups re0]
vmukhin@meson# show 
system {
    host-name meson;
}
interfaces {
    fxp0 {
        unit 0 {
            family inet {
                address 10.164.1.143/23;
            }
        }
    }
}

[edit groups re0]
vmukhin@meson# save grp-re0.conf 
Wrote 18 lines of configuration to 'grp-re0.conf'

[edit groups re0]
vmukhin@meson# exit 

[edit]
vmukhin@meson# exit 
Exiting configuration mode

vmukhin@meson> ftp 172.29.103.14 
Connected to 172.29.103.14.
220-FileZilla Server version 0.9.48 beta
220-written by Tim Kosse (tim.kosse@filezilla-project.org)
220 Please visit http://sourceforge.net/projects/filezilla/
Name (172.29.103.14:vmukhin): mamba
331 Password required for mamba
Password:
230 Logged on
Remote system type is UNIX.
ftp> binary
200 Type set to I
ftp> get ./MetroE3.0-PSPHT-with-OAM-PW/2015-02-28-v.01/ag1.1-MetroE3.0-PSPHT-with-OAM-PW.conf ag1.1-MetroE3.0-PSPHT-with-OAM-PW.conf
local: ag1.1-MetroE3.0-PSPHT-with-OAM-PW.conf remote: ./MetroE3.0-PSPHT-with-OAM-PW/2015-02-28-v.01/ag1.1-MetroE3.0-PSPHT-with-OAM-PW.conf
200 Port command successful
150 Opening data channel for file download from server of "/MetroE3.0-PSPHT-with-OAM-PW/2015-02-28-v.01/ag1.1-MetroE3.0-PSPHT-with-OAM-PW.conf"
100% |**********************************************************************************************************************************************************| 44856       00:00 ETAA
226 Successfully transferred "/MetroE3.0-PSPHT-with-OAM-PW/2015-02-28-v.01/ag1.1-MetroE3.0-PSPHT-with-OAM-PW.conf"
44856 bytes received in 0.13 seconds (327.36 KB/s)
ftp> quit
221 Goodbye

vmukhin@meson> edit 
Entering configuration mode
Users currently editing the configuration:
  vmukhin terminal p0 (pid 55980) on since 2016-06-06 13:35:22 PDT, idle 03:45:49
      [edit]
  vmukhin terminal p1 (pid 56960) on since 2016-06-06 18:09:42 PDT, idle 00:06:00
      [edit]

[edit]
vmukhin@meson# delete access 
warning: statement not found

[edit]
vmukhin@meson# delete services 
warning: statement not found

[edit]
vmukhin@meson# delete routing-instances 

[edit]
vmukhin@meson# delete protocols 

[edit]
vmukhin@meson# delete interfaces 

[edit]
vmukhin@meson# delete routing-options 

[edit]
vmukhin@meson# commit 
commit complete

[edit]
vmukhin@meson# load update ag1.1-MetroE3.0-PSPHT-with-OAM-PW.conf 
edit groups global
load complete

[edit]
vmukhin@meson# edit groups global 

[edit groups global]
vmukhin@meson# load replace grp-global-original.conf 
exit
load complete

[edit groups global]
vmukhin@meson# exit 

[edit]
vmukhin@meson# set apply-groups global 

[edit]
vmukhin@meson# edit groups re0 

[edit groups re0]
vmukhin@meson# load replace grp-re0.conf 
exit
load complete

[edit groups re0]
vmukhin@meson# exit 

[edit]
vmukhin@meson# set apply-groups re0 

[edit]
vmukhin@meson# commit 
commit complete

[edit]
--- JUNOS 14.1R2.12 built 2014-08-06 10:01:16 UTC

vmukhin@meson> 

vmukhin@meson> 

vmukhin@meson> edit 
Entering configuration mode
Users currently editing the configuration:
  vmukhin terminal p0 (pid 1511) on since 2016-06-06 22:53:31 PDT, idle 00:03:53
      [edit interfaces ps2]

[edit]
vmukhin@meson# save ag1.1-PWHT-GE-to-PS-2016.conf 
Wrote 1670 lines of configuration to 'ag1.1-PWHT-GE-to-PS-2016.conf'

[edit]
vmukhin@meson# exit 
Exiting configuration mode

vmukhin@meson> ftp 172.29.103.14 
Connected to 172.29.103.14.
220-FileZilla Server version 0.9.48 beta
220-written by Tim Kosse (tim.kosse@filezilla-project.org)
220 Please visit http://sourceforge.net/projects/filezilla/
Name (172.29.103.14:vmukhin): mamba
331 Password required for mamba
Password:
230 Logged on
Remote system type is UNIX.
ftp> binary
200 Type set to I
ftp> cd ./PWHT-GE-to-PS-2016/2016-6-6-v.01
250 CWD successful. "/PWHT-GE-to-PS-2016/2016-6-6-v.01" is current directory.
ftp> put ag1.1-PWHT-GE-to-PS-2016.conf ag1.1-PWHT-GE-to-PS-2016.conf
local: ag1.1-PWHT-GE-to-PS-2016.conf remote: ag1.1-PWHT-GE-to-PS-2016.conf
200 Port command successful
150 Opening data channel for file upload to server of "/PWHT-GE-to-PS-2016/2016-6-6-v.01/ag1.1-PWHT-GE-to-PS-2016.conf"
100% |**********************************************************************************************************************************************************| 46815       00:00 ETAA
226 Successfully transferred "/PWHT-GE-to-PS-2016/2016-6-6-v.01/ag1.1-PWHT-GE-to-PS-2016.conf"
46815 bytes sent in 0.15 seconds (311.97 KB/s)
ftp> quit
221 Goodbye

