--- JUNOS 12.3-20150325_acx_x54_s4.0 built 2015-03-25 18:37:00 UTC
At least one package installed on this device has limited support.
Run 'file show /etc/notices/unsupported.txt' for details.

vmukhin@csr1.2-a-quark> 

vmukhin@csr1.2-a-quark> 

vmukhin@csr1.2-a-quark> edit 
Entering configuration mode
Users currently editing the configuration:
  vmukhin terminal p0 (pid 28380) on since 2016-02-09 20:23:17 PST, idle 00:18:30
      [edit]

[edit]
vmukhin@csr1.2-a-quark# save csr1.2-GVTC-Hear-Pinning-2016.conf 
Wrote 1267 lines of configuration to 'csr1.2-GVTC-Hear-Pinning-2016.conf'

[edit]
vmukhin@csr1.2-a-quark# exit 
Exiting configuration mode

vmukhin@csr1.2-a-quark> ftp 172.29.101.59 
Connected to 172.29.101.59.
220-FileZilla Server version 0.9.48 beta
220-written by Tim Kosse (tim.kosse@filezilla-project.org)
220 Please visit http://sourceforge.net/projects/filezilla/
Name (172.29.101.59:vmukhin): mamba
331 Password required for mamba
Password:
230 Logged on
Remote system type is UNIX.
ftp> binary
200 Type set to I
ftp> cd ./GVTC-Hear-Pinning-2016/2016-4-22-v.03
250 CWD successful. "/GVTC-Hear-Pinning-2016/2016-4-22-v.03" is current directory.
ftp> put csr1.2-GVTC-Hear-Pinning-2016.conf csr1.2-GVTC-Hear-Pinning-2016.conf
local: csr1.2-GVTC-Hear-Pinning-2016.conf remote: csr1.2-GVTC-Hear-Pinning-2016.conf
200 Port command successful
150 Opening data channel for file upload to server of "/GVTC-Hear-Pinning-2016/2016-4-22-v.03/csr1.2-GVTC-Hear-Pinning-2016.conf"
100% |****************************************| 36128       00:00 ETA
226 Successfully transferred "/GVTC-Hear-Pinning-2016/2016-4-22-v.03/csr1.2-GVTC-Hear-Pinning-2016.conf"
36128 bytes sent in 0.15 seconds (233.61 KB/s)
ftp> quit
221 Goodbye

--- JUNOS 12.3-20150325_acx_x54_s4.0 built 2015-03-25 18:37:00 UTC
At least one package installed on this device has limited support.
Run 'file show /etc/notices/unsupported.txt' for details.

vmukhin@csr1.2-a-quark> 

vmukhin@csr1.2-a-quark> 

vmukhin@csr1.2-a-quark> show version 
Hostname: csr1.2-a-quark
Model: acx2100
JUNOS Crypto Software Suite [12.3-20150325_acx_x54_s4.0]
JUNOS Base OS Software Suite [12.3-20150325_acx_x54_s4.0]
JUNOS Kernel Software Suite [12.3-20150325_acx_x54_s4.0]
JUNOS Base OS boot [12.3-20150325_acx_x54_s4.0]
JUNOS Packet Forwarding Engine Support (ACX) [12.3-20150325_acx_x54_s4.0]
JUNOS Online Documentation [12.3-20150325_acx_x54_s4.0]
JUNOS Routing Software Suite [12.3-20150325_acx_x54_s4.0]

vmukhin@csr1.2-a-quark> 

vmukhin@csr1.2-a-quark> edit 
Entering configuration mode
Users currently editing the configuration:
  vmukhin terminal p0 (pid 28380) on since 2016-02-09 20:23:17 PST, idle 00:19:34
      [edit]

[edit]
vmukhin@csr1.2-a-quark# edit groups global 

[edit groups global]
vmukhin@csr1.2-a-quark# save grp-global-original.conf 
Wrote 336 lines of configuration to 'grp-global-original.conf'

[edit groups global]
vmukhin@csr1.2-a-quark# exit 

[edit]
vmukhin@csr1.2-a-quark# edit groups re0 

[edit groups re0]
vmukhin@csr1.2-a-quark# show 
system {
    host-name csr1.2-a-quark;
}
interfaces {
    fxp0 {
        unit 0 {
            family inet {
                address 10.164.1.141/23;
            }
        }
    }
}

[edit groups re0]
vmukhin@csr1.2-a-quark# save grp-re0.conf 
Wrote 18 lines of configuration to 'grp-re0.conf'

[edit groups re0]
vmukhin@csr1.2-a-quark# exit 

[edit]
vmukhin@csr1.2-a-quark# exit 
Exiting configuration mode

vmukhin@csr1.2-a-quark> ftp 172.29.101.59 
Connected to 172.29.101.59.
220-FileZilla Server version 0.9.48 beta
220-written by Tim Kosse (tim.kosse@filezilla-project.org)
220 Please visit http://sourceforge.net/projects/filezilla/
Name (172.29.101.59:vmukhin): mamba
331 Password required for mamba
Password:
230 Logged on
Remote system type is UNIX.
ftp> binary
200 Type set to I
ftp> get ./GVTC-Hear-Pinning-2016/2016-4-21-v.01/csr1.2-GVTC-Hear-Pinning-2016.conf csr1.2-GVTC-Hear-Pinning-2016.conf
local: csr1.2-GVTC-Hear-Pinning-2016.conf remote: ./GVTC-Hear-Pinning-2016/2016-4-21-v.01/csr1.2-GVTC-Hear-Pinning-2016.conf
200 Port command successful
150 Opening data channel for file download from server of "/GVTC-Hear-Pinning-2016/2016-4-21-v.01/csr1.2-GVTC-Hear-Pinning-2016.conf"
100% |****************************************| 36128       00:00 ETA
226 Successfully transferred "/GVTC-Hear-Pinning-2016/2016-4-21-v.01/csr1.2-GVTC-Hear-Pinning-2016.conf"
36128 bytes received in 0.13 seconds (278.93 KB/s)
ftp> quit
221 Goodbye

vmukhin@csr1.2-a-quark> edit 
Entering configuration mode
Users currently editing the configuration:
  vmukhin terminal p0 (pid 28380) on since 2016-02-09 20:23:17 PST, idle 00:19:36
      [edit]

[edit]
vmukhin@csr1.2-a-quark# delete access 
warning: statement not found

[edit]
vmukhin@csr1.2-a-quark# delete services 
warning: statement not found

[edit]
vmukhin@csr1.2-a-quark# delete routing-instances 

[edit]
vmukhin@csr1.2-a-quark# delete protocols 

[edit]
vmukhin@csr1.2-a-quark# delete interfaces 

[edit]
vmukhin@csr1.2-a-quark# delete routing-options 

[edit]
vmukhin@csr1.2-a-quark# commit 
commit complete

[edit]
vmukhin@csr1.2-a-quark# ...VTC-Hear-Pinning-2016.conf              
edit groups global
load replace grp-global-original.conf
load complete

[edit]
vmukhin@csr1.2-a-quark# edit groups global 
exit

[edit groups global]
vmukhin@csr1.2-a-quark# load replace grp-global-original.conf 
exit
set apply-groups global
load complete

[edit groups global]
vmukhin@csr1.2-a-quark# exit 

[edit]
vmukhin@csr1.2-a-quark# set apply-groups global 

[edit]
vmukhin@csr1.2-a-quark# edit groups re0 

[edit groups re0]
vmukhin@csr1.2-a-quark# load replace grp-re0.conf 
exit
set apply-groups re0
load complete

[edit groups re0]
vmukhin@csr1.2-a-quark# exit 

[edit]
vmukhin@csr1.2-a-quark# set apply-groups re0 

[edit]
vmukhin@csr1.2-a-quark# commit 
commit complete

[edit]
--- JUNOS 12.3-20150325_acx_x54_s4.0 built 2015-03-25 18:37:00 UTC
At least one package installed on this device has limited support.
Run 'file show /etc/notices/unsupported.txt' for details.

vmukhin@csr1.2-a-quark> 

vmukhin@csr1.2-a-quark> 

vmukhin@csr1.2-a-quark> edit 
Entering configuration mode
Users currently editing the configuration:
  vmukhin terminal p0 (pid 29313) on since 2016-02-10 00:12:51 PST, idle 00:00:34
      [edit]

[edit]
vmukhin@csr1.2-a-quark# save csr1.2-GVTC-Hear-Pinning-2016.conf 
Wrote 1267 lines of configuration to 'csr1.2-GVTC-Hear-Pinning-2016.conf'

[edit]
vmukhin@csr1.2-a-quark# exit 
Exiting configuration mode

vmukhin@csr1.2-a-quark> ftp 172.29.101.59 
Connected to 172.29.101.59.
220-FileZilla Server version 0.9.48 beta
220-written by Tim Kosse (tim.kosse@filezilla-project.org)
220 Please visit http://sourceforge.net/projects/filezilla/
Name (172.29.101.59:vmukhin): mamba
331 Password required for mamba
Password:
230 Logged on
Remote system type is UNIX.
ftp> binary
200 Type set to I
ftp> cd ./GVTC-Hear-Pinning-2016/2016-4-22-v.04
250 CWD successful. "/GVTC-Hear-Pinning-2016/2016-4-22-v.04" is current directory.
ftp> put csr1.2-GVTC-Hear-Pinning-2016.conf csr1.2-GVTC-Hear-Pinning-2016.conf
local: csr1.2-GVTC-Hear-Pinning-2016.conf remote: csr1.2-GVTC-Hear-Pinning-2016.conf
200 Port command successful
150 Opening data channel for file upload to server of "/GVTC-Hear-Pinning-2016/2016-4-22-v.04/csr1.2-GVTC-Hear-Pinning-2016.conf"
100% |****************************************| 36128       00:00 ETA
226 Successfully transferred "/GVTC-Hear-Pinning-2016/2016-4-22-v.04/csr1.2-GVTC-Hear-Pinning-2016.conf"
36128 bytes sent in 0.13 seconds (268.72 KB/s)
ftp> quit
221 Goodbye

--- JUNOS 12.3-20150325_acx_x54_s4.0 built 2015-03-25 18:37:00 UTC
At least one package installed on this device has limited support.
Run 'file show /etc/notices/unsupported.txt' for details.

vmukhin@csr1.2-a-quark> 

vmukhin@csr1.2-a-quark> 

vmukhin@csr1.2-a-quark> show version 
Hostname: csr1.2-a-quark
Model: acx2100
JUNOS Crypto Software Suite [12.3-20150325_acx_x54_s4.0]
JUNOS Base OS Software Suite [12.3-20150325_acx_x54_s4.0]
JUNOS Kernel Software Suite [12.3-20150325_acx_x54_s4.0]
JUNOS Base OS boot [12.3-20150325_acx_x54_s4.0]
JUNOS Packet Forwarding Engine Support (ACX) [12.3-20150325_acx_x54_s4.0]
JUNOS Online Documentation [12.3-20150325_acx_x54_s4.0]
JUNOS Routing Software Suite [12.3-20150325_acx_x54_s4.0]

vmukhin@csr1.2-a-quark> 

vmukhin@csr1.2-a-quark> edit 
Entering configuration mode
Users currently editing the configuration:
  vmukhin terminal p0 (pid 29313) on since 2016-02-10 00:12:51 PST, idle 00:09:23
      [edit]

[edit]
vmukhin@csr1.2-a-quark# edit groups global 

[edit groups global]
vmukhin@csr1.2-a-quark# save grp-global-original.conf 
Wrote 336 lines of configuration to 'grp-global-original.conf'

[edit groups global]
vmukhin@csr1.2-a-quark# exit 

[edit]
vmukhin@csr1.2-a-quark# edit groups re0 

[edit groups re0]
vmukhin@csr1.2-a-quark# show 
system {
    host-name csr1.2-a-quark;
}
interfaces {
    fxp0 {
        unit 0 {
            family inet {
                address 10.164.1.141/23;
            }
        }
    }
}

[edit groups re0]
vmukhin@csr1.2-a-quark# save grp-re0.conf 
Wrote 18 lines of configuration to 'grp-re0.conf'

[edit groups re0]
vmukhin@csr1.2-a-quark# exit 

[edit]
vmukhin@csr1.2-a-quark# exit 
Exiting configuration mode

vmukhin@csr1.2-a-quark> ftp 172.29.101.59 
Connected to 172.29.101.59.
220-FileZilla Server version 0.9.48 beta
220-written by Tim Kosse (tim.kosse@filezilla-project.org)
220 Please visit http://sourceforge.net/projects/filezilla/
Name (172.29.101.59:vmukhin): mamba
331 Password required for mamba
Password:
230 Logged on
Remote system type is UNIX.
ftp> binary
200 Type set to I
ftp> get ./gvtc-service-all-ACX5K-Nov-13-2015/2015-11-13-v.01/csr1.2-gvtc-service-all-ACX5K-Nov-13-2015.conf csr1.2-gvtc-service-all-ACX5K-Nov-13-2015.conf
local: csr1.2-gvtc-service-all-ACX5K-Nov-13-2015.conf remote: ./gvtc-service-all-ACX5K-Nov-13-2015/2015-11-13-v.01/csr1.2-gvtc-service-all-ACX5K-Nov-13-2015.conf
200 Port command successful
150 Opening data channel for file download from server of "/gvtc-service-all-ACX5K-Nov-13-2015/2015-11-13-v.01/csr1.2-gvtc-service-all-ACX5K-Nov-13-2015.conf"
100% |****************************************| 34651       00:00 ETA
226 Successfully transferred "/gvtc-service-all-ACX5K-Nov-13-2015/2015-11-13-v.01/csr1.2-gvtc-service-all-ACX5K-Nov-13-2015.conf"
34651 bytes received in 0.11 seconds (311.26 KB/s)
ftp> quit
221 Goodbye

vmukhin@csr1.2-a-quark> edit 
Entering configuration mode
Users currently editing the configuration:
  vmukhin terminal p0 (pid 29313) on since 2016-02-10 00:12:51 PST, idle 00:09:24
      [edit]

[edit]
vmukhin@csr1.2-a-quark# delete access 
warning: statement not found

[edit]
vmukhin@csr1.2-a-quark# delete services 
warning: statement not found

[edit]
vmukhin@csr1.2-a-quark# delete routing-instances 

[edit]
vmukhin@csr1.2-a-quark# delete protocols 

[edit]
vmukhin@csr1.2-a-quark# delete interfaces 

[edit]
vmukhin@csr1.2-a-quark# delete routing-options 

[edit]
vmukhin@csr1.2-a-quark# commit 
commit complete
load update csr1.2-gvtc-service-all-ACX5K-Nov-13-2015.conf

[edit]
vmukhin@csr1.2-a-quark# ...CX5K-Nov-13-2015.conf                   
edit groups global
load replace grp-global-original.conf
exit
load complete

[edit]
vmukhin@csr1.2-a-quark# edit groups global 

[edit groups global]
vmukhin@csr1.2-a-quark# load replace grp-global-original.conf 
set apply-groups global
edit groups re0
load complete

[edit groups global]
vmukhin@csr1.2-a-quark# exit 

[edit]
vmukhin@csr1.2-a-quark# set apply-groups global 

[edit]
vmukhin@csr1.2-a-quark# edit groups re0 

[edit groups re0]
vmukhin@csr1.2-a-quark# load replace grp-re0.conf 
set apply-groups re0
commit
load complete

[edit groups re0]
vmukhin@csr1.2-a-quark# exit 

[edit]
vmukhin@csr1.2-a-quark# set apply-groups re0 

[edit]
vmukhin@csr1.2-a-quark# commit 
commit complete

[edit]
