--- JUNOS 13.3R2.7 built 2014-04-20 20:58:39 UTC

vmukhin@eabu-sol-eng-dc-s7> 

vmukhin@eabu-sol-eng-dc-s7> 

vmukhin@eabu-sol-eng-dc-s7> show version 
Hostname: eabu-sol-eng-dc-s7
Model: mx80-48t
Junos: 13.3R2.7
JUNOS Base OS boot [13.3R2.7]
JUNOS Base OS Software Suite [13.3R2.7]
JUNOS Kernel Software Suite [13.3R2.7]
JUNOS Crypto Software Suite [13.3R2.7]
JUNOS Packet Forwarding Engine Support (MX80) [13.3R2.7]
JUNOS Online Documentation [13.3R2.7]
JUNOS Services Application Level Gateways [13.3R2.7]
JUNOS Services Jflow Container package [13.3R2.7]
JUNOS Services Stateful Firewall [13.3R2.7]
JUNOS Services NAT [13.3R2.7]
JUNOS Services RPM [13.3R2.7]
JUNOS Services Crypto [13.3R2.7]
JUNOS Services SSL [13.3R2.7]
JUNOS Services IPSec [13.3R2.7]
JUNOS Routing Software Suite [13.3R2.7]

vmukhin@eabu-sol-eng-dc-s7> 

vmukhin@eabu-sol-eng-dc-s7> edit 
Entering configuration mode
Users currently editing the configuration:
  vmukhin terminal p0 (pid 2036) on since 2016-03-08 11:09:11 UTC, idle 00:08:43
      [edit]

[edit]
vmukhin@eabu-sol-eng-dc-s7# edit groups global 

[edit groups global]
vmukhin@eabu-sol-eng-dc-s7# save grp-global-original.conf 
Wrote 100 lines of configuration to 'grp-global-original.conf'

[edit groups global]
vmukhin@eabu-sol-eng-dc-s7# exit 

[edit]
vmukhin@eabu-sol-eng-dc-s7# edit groups re0 

[edit groups re0]
vmukhin@eabu-sol-eng-dc-s7# show 
interfaces {
    fxp0 {
        unit 0 {
            family inet {
                address 10.164.1.134/23;
            }
        }
    }
}

[edit groups re0]
vmukhin@eabu-sol-eng-dc-s7# save grp-re0.conf 
Wrote 15 lines of configuration to 'grp-re0.conf'

[edit groups re0]
vmukhin@eabu-sol-eng-dc-s7# exit 

[edit]
vmukhin@eabu-sol-eng-dc-s7# exit 
Exiting configuration mode

vmukhin@eabu-sol-eng-dc-s7> ftp 172.29.109.48 
ftp: connect: Operation timed out
ftp> quit

vmukhin@eabu-sol-eng-dc-s7> exit 

--- JUNOS 13.3R2.7 built 2014-04-20 20:58:39 UTC

vmukhin@eabu-sol-eng-dc-s7> 

vmukhin@eabu-sol-eng-dc-s7> 

vmukhin@eabu-sol-eng-dc-s7> show version 
Hostname: eabu-sol-eng-dc-s7
Model: mx80-48t
Junos: 13.3R2.7
JUNOS Base OS boot [13.3R2.7]
JUNOS Base OS Software Suite [13.3R2.7]
JUNOS Kernel Software Suite [13.3R2.7]
JUNOS Crypto Software Suite [13.3R2.7]
JUNOS Packet Forwarding Engine Support (MX80) [13.3R2.7]
JUNOS Online Documentation [13.3R2.7]
JUNOS Services Application Level Gateways [13.3R2.7]
JUNOS Services Jflow Container package [13.3R2.7]
JUNOS Services Stateful Firewall [13.3R2.7]
JUNOS Services NAT [13.3R2.7]
JUNOS Services RPM [13.3R2.7]
JUNOS Services Crypto [13.3R2.7]
JUNOS Services SSL [13.3R2.7]
JUNOS Services IPSec [13.3R2.7]
JUNOS Routing Software Suite [13.3R2.7]

vmukhin@eabu-sol-eng-dc-s7> exit 

--- JUNOS 13.3R2.7 built 2014-04-20 20:58:39 UTC

vmukhin@eabu-sol-eng-dc-s7> 

vmukhin@eabu-sol-eng-dc-s7> 

vmukhin@eabu-sol-eng-dc-s7> show version 
Hostname: eabu-sol-eng-dc-s7
Model: mx80-48t
Junos: 13.3R2.7
JUNOS Base OS boot [13.3R2.7]
JUNOS Base OS Software Suite [13.3R2.7]
JUNOS Kernel Software Suite [13.3R2.7]
JUNOS Crypto Software Suite [13.3R2.7]
JUNOS Packet Forwarding Engine Support (MX80) [13.3R2.7]
JUNOS Online Documentation [13.3R2.7]
JUNOS Services Application Level Gateways [13.3R2.7]
JUNOS Services Jflow Container package [13.3R2.7]
JUNOS Services Stateful Firewall [13.3R2.7]
JUNOS Services NAT [13.3R2.7]
JUNOS Services RPM [13.3R2.7]
JUNOS Services Crypto [13.3R2.7]
JUNOS Services SSL [13.3R2.7]
JUNOS Services IPSec [13.3R2.7]
JUNOS Routing Software Suite [13.3R2.7]

vmukhin@eabu-sol-eng-dc-s7> exit 

--- JUNOS 13.3R2.7 built 2014-04-20 20:58:39 UTC

vmukhin@eabu-sol-eng-dc-s7> 

vmukhin@eabu-sol-eng-dc-s7> 

vmukhin@eabu-sol-eng-dc-s7> show version 
Hostname: eabu-sol-eng-dc-s7
Model: mx80-48t
Junos: 13.3R2.7
JUNOS Base OS boot [13.3R2.7]
JUNOS Base OS Software Suite [13.3R2.7]
JUNOS Kernel Software Suite [13.3R2.7]
JUNOS Crypto Software Suite [13.3R2.7]
JUNOS Packet Forwarding Engine Support (MX80) [13.3R2.7]
JUNOS Online Documentation [13.3R2.7]
JUNOS Services Application Level Gateways [13.3R2.7]
JUNOS Services Jflow Container package [13.3R2.7]
JUNOS Services Stateful Firewall [13.3R2.7]
JUNOS Services NAT [13.3R2.7]
JUNOS Services RPM [13.3R2.7]
JUNOS Services Crypto [13.3R2.7]
JUNOS Services SSL [13.3R2.7]
JUNOS Services IPSec [13.3R2.7]
JUNOS Routing Software Suite [13.3R2.7]

vmukhin@eabu-sol-eng-dc-s7> exit 

--- JUNOS 13.3R2.7 built 2014-04-20 20:58:39 UTC

vmukhin@eabu-sol-eng-dc-s7> 

vmukhin@eabu-sol-eng-dc-s7> 

vmukhin@eabu-sol-eng-dc-s7> show version 
Hostname: eabu-sol-eng-dc-s7
Model: mx80-48t
Junos: 13.3R2.7
JUNOS Base OS boot [13.3R2.7]
JUNOS Base OS Software Suite [13.3R2.7]
JUNOS Kernel Software Suite [13.3R2.7]
JUNOS Crypto Software Suite [13.3R2.7]
JUNOS Packet Forwarding Engine Support (MX80) [13.3R2.7]
JUNOS Online Documentation [13.3R2.7]
JUNOS Services Application Level Gateways [13.3R2.7]
JUNOS Services Jflow Container package [13.3R2.7]
JUNOS Services Stateful Firewall [13.3R2.7]
JUNOS Services NAT [13.3R2.7]
JUNOS Services RPM [13.3R2.7]
JUNOS Services Crypto [13.3R2.7]
JUNOS Services SSL [13.3R2.7]
JUNOS Services IPSec [13.3R2.7]
JUNOS Routing Software Suite [13.3R2.7]

vmukhin@eabu-sol-eng-dc-s7> 

vmukhin@eabu-sol-eng-dc-s7> edit 
Entering configuration mode
Users currently editing the configuration:
  vmukhin terminal p0 (pid 2036) on since 2016-03-08 11:09:11 UTC, idle 00:03:19
      [edit]

[edit]
vmukhin@eabu-sol-eng-dc-s7# edit groups global 

[edit groups global]
vmukhin@eabu-sol-eng-dc-s7# save grp-global-original.conf 
Wrote 100 lines of configuration to 'grp-global-original.conf'

[edit groups global]
vmukhin@eabu-sol-eng-dc-s7# exit 

[edit]
vmukhin@eabu-sol-eng-dc-s7# edit groups re0 

[edit groups re0]
vmukhin@eabu-sol-eng-dc-s7# show 
interfaces {
    fxp0 {
        unit 0 {
            family inet {
                address 10.164.1.134/23;
            }
        }
    }
}

[edit groups re0]
vmukhin@eabu-sol-eng-dc-s7# save grp-re0.conf 
Wrote 15 lines of configuration to 'grp-re0.conf'

[edit groups re0]
vmukhin@eabu-sol-eng-dc-s7# exit 

[edit]
vmukhin@eabu-sol-eng-dc-s7# exit 
Exiting configuration mode

vmukhin@eabu-sol-eng-dc-s7> ftp 172.29.65.79 
Connected to 172.29.65.79.
220-FileZilla Server version 0.9.48 beta
220-written by Tim Kosse (tim.kosse@filezilla-project.org)
220 Please visit http://sourceforge.net/projects/filezilla/
Name (172.29.65.79:vmukhin): mamba
331 Password required for mamba
Password:
230 Logged on
Remote system type is UNIX.
ftp> binary
200 Type set to I
ftp> get ./2013-07-27-v.01/ag3.1-mbh1.1-full-isis-rsvp-bgp-lu-VPLS-OAM-July-16-restored.conf ag3.1-mbh1.1-full-isis-rsvp-bgp-lu-VPLS-OAM-July-16-restored.conf
local: ag3.1-mbh1.1-full-isis-rsvp-bgp-lu-VPLS-OAM-July-16-restored.conf remote: ./2013-07-27-v.01/ag3.1-mbh1.1-full-isis-rsvp-bgp-lu-VPLS-OAM-July-16-restored.conf
200 Port command successful
550 File not found
--- JUNOS 13.3R2.7 built 2014-04-20 20:58:39 UTC

vmukhin@eabu-sol-eng-dc-s7> 

vmukhin@eabu-sol-eng-dc-s7> 

vmukhin@eabu-sol-eng-dc-s7> show version 
Hostname: eabu-sol-eng-dc-s7
Model: mx80-48t
Junos: 13.3R2.7
JUNOS Base OS boot [13.3R2.7]
JUNOS Base OS Software Suite [13.3R2.7]
JUNOS Kernel Software Suite [13.3R2.7]
JUNOS Crypto Software Suite [13.3R2.7]
JUNOS Packet Forwarding Engine Support (MX80) [13.3R2.7]
JUNOS Online Documentation [13.3R2.7]
JUNOS Services Application Level Gateways [13.3R2.7]
JUNOS Services Jflow Container package [13.3R2.7]
JUNOS Services Stateful Firewall [13.3R2.7]
JUNOS Services NAT [13.3R2.7]
JUNOS Services RPM [13.3R2.7]
JUNOS Services Crypto [13.3R2.7]
JUNOS Services SSL [13.3R2.7]
JUNOS Services IPSec [13.3R2.7]
JUNOS Routing Software Suite [13.3R2.7]

vmukhin@eabu-sol-eng-dc-s7> 

vmukhin@eabu-sol-eng-dc-s7> edit 
Entering configuration mode
Users currently editing the configuration:
  vmukhin terminal p0 (pid 2036) on since 2016-03-08 11:09:11 UTC, idle 00:08:14
      [edit]

[edit]
vmukhin@eabu-sol-eng-dc-s7# edit groups global 

[edit groups global]
vmukhin@eabu-sol-eng-dc-s7# save grp-global-original.conf 
Wrote 100 lines of configuration to 'grp-global-original.conf'

[edit groups global]
vmukhin@eabu-sol-eng-dc-s7# exit 

[edit]
vmukhin@eabu-sol-eng-dc-s7# edit groups re0 

[edit groups re0]
vmukhin@eabu-sol-eng-dc-s7# show 
interfaces {
    fxp0 {
        unit 0 {
            family inet {
                address 10.164.1.134/23;
            }
        }
    }
}

[edit groups re0]
vmukhin@eabu-sol-eng-dc-s7# save grp-re0.conf 
Wrote 15 lines of configuration to 'grp-re0.conf'

[edit groups re0]
vmukhin@eabu-sol-eng-dc-s7# exit 

[edit]
vmukhin@eabu-sol-eng-dc-s7# exit 
Exiting configuration mode

vmukhin@eabu-sol-eng-dc-s7> ftp 172.29.65.79 
Connected to 172.29.65.79.
220-FileZilla Server version 0.9.48 beta
220-written by Tim Kosse (tim.kosse@filezilla-project.org)
220 Please visit http://sourceforge.net/projects/filezilla/
Name (172.29.65.79:vmukhin): mamba
331 Password required for mamba
Password:
230 Logged on
Remote system type is UNIX.
ftp> binary
200 Type set to I
ftp> get ./mbh1.1-full-isis-rsvp-bgp-lu-VPLS-OAM-July-16-restored/2013-07-27-v.01/ag3.1-mbh1.1-full-isis-rsvp-bgp-lu-VPLS-OAM-July-16-restored.conf ag3.1-mbh1.1-full-isis-rsvp-bgp-lu-VPLS-OAM-July-16-restored.conf
local: ag3.1-mbh1.1-full-isis-rsvp-bgp-lu-VPLS-OAM-July-16-restored.conf remote: ./mbh1.1-full-isis-rsvp-bgp-lu-VPLS-OAM-July-16-restored/2013-07-27-v.01/ag3.1-mbh1.1-full-isis-rsvp-bgp-lu-VPLS-OAM-July-16-restored.conf
200 Port command successful
150 Opening data channel for file download from server of "/mbh1.1-full-isis-rsvp-bgp-lu-VPLS-OAM-July-16-restored/2013-07-27-v.01/ag3.1-mbh1.1-full-isis-rsvp-bgp-lu-VPLS-OAM-July-16-restored.conf"
100% |**************************************************************************| 14348       00:00 ETA
226 Successfully transferred "/mbh1.1-full-isis-rsvp-bgp-lu-VPLS-OAM-July-16-restored/2013-07-27-v.01/ag3.1-mbh1.1-full-isis-rsvp-bgp-lu-VPLS-OAM-July-16-restored.conf"
14348 bytes received in 1.30 seconds (10.79 KB/s)
ftp> quit
221 Goodbye

vmukhin@eabu-sol-eng-dc-s7> edit 
Entering configuration mode
Users currently editing the configuration:
  vmukhin terminal p0 (pid 2036) on since 2016-03-08 11:09:11 UTC, idle 00:08:24
      [edit]

[edit]
vmukhin@eabu-sol-eng-dc-s7# delete access 
warning: statement not found

[edit]
vmukhin@eabu-sol-eng-dc-s7# delete services 
warning: statement not found

[edit]
vmukhin@eabu-sol-eng-dc-s7# delete routing-instances 

[edit]
vmukhin@eabu-sol-eng-dc-s7# delete protocols 

[edit]
vmukhin@eabu-sol-eng-dc-s7# delete interfaces 

[edit]
vmukhin@eabu-sol-eng-dc-s7# delete routing-options 

[edit]
vmukhin@eabu-sol-eng-dc-s7# commit 
commit complete

[edit]
vmukhin@eabu-sol-eng-dc-s7# ...-isis-rsvp-bgp-lu-VPLS-OAM-July-16-restored.conf                      
load complete

[edit]
vmukhin@eabu-sol-eng-dc-s7# edit groups global 

[edit groups global]
vmukhin@eabu-sol-eng-dc-s7# load replace grp-global-original.conf 
exit
load complete

[edit groups global]
vmukhin@eabu-sol-eng-dc-s7# exit 

[edit]
vmukhin@eabu-sol-eng-dc-s7# set apply-groups global 

[edit]
vmukhin@eabu-sol-eng-dc-s7# edit groups re0 

[edit groups re0]
vmukhin@eabu-sol-eng-dc-s7# load replace grp-re0.conf 
exit
load complete

[edit groups re0]
vmukhin@eabu-sol-eng-dc-s7# exit 

[edit]
vmukhin@eabu-sol-eng-dc-s7# set apply-groups re0 

[edit]
vmukhin@eabu-sol-eng-dc-s7# commit 
commit complete

[edit]
--- JUNOS 13.3R2.7 built 2014-04-20 20:58:39 UTC

vmukhin@eabu-sol-eng-dc-s7> 

vmukhin@eabu-sol-eng-dc-s7> 

vmukhin@eabu-sol-eng-dc-s7> show version 
Hostname: eabu-sol-eng-dc-s7
Model: mx80-48t
Junos: 13.3R2.7
JUNOS Base OS boot [13.3R2.7]
JUNOS Base OS Software Suite [13.3R2.7]
JUNOS Kernel Software Suite [13.3R2.7]
JUNOS Crypto Software Suite [13.3R2.7]
JUNOS Packet Forwarding Engine Support (MX80) [13.3R2.7]
JUNOS Online Documentation [13.3R2.7]
JUNOS Services Application Level Gateways [13.3R2.7]
JUNOS Services Jflow Container package [13.3R2.7]
JUNOS Services Stateful Firewall [13.3R2.7]
JUNOS Services NAT [13.3R2.7]
JUNOS Services RPM [13.3R2.7]
JUNOS Services Crypto [13.3R2.7]
JUNOS Services SSL [13.3R2.7]
JUNOS Services IPSec [13.3R2.7]
JUNOS Routing Software Suite [13.3R2.7]

vmukhin@eabu-sol-eng-dc-s7> 

vmukhin@eabu-sol-eng-dc-s7> edit 
Entering configuration mode
Users currently editing the configuration:
  vmukhin terminal p0 (pid 2036) on since 2016-03-08 11:09:11 UTC, idle 00:22:45
      [edit]

[edit]
vmukhin@eabu-sol-eng-dc-s7# edit groups global 

[edit groups global]
vmukhin@eabu-sol-eng-dc-s7# save grp-global-original.conf 
Wrote 100 lines of configuration to 'grp-global-original.conf'

[edit groups global]
vmukhin@eabu-sol-eng-dc-s7# exit 

[edit]
vmukhin@eabu-sol-eng-dc-s7# edit groups re0 

[edit groups re0]
vmukhin@eabu-sol-eng-dc-s7# show 
interfaces {
    fxp0 {
        unit 0 {
            family inet {
                address 10.164.1.134/23;
            }
        }
    }
}

[edit groups re0]
vmukhin@eabu-sol-eng-dc-s7# save grp-re0.conf 
Wrote 15 lines of configuration to 'grp-re0.conf'

[edit groups re0]
vmukhin@eabu-sol-eng-dc-s7# exit 

[edit]
vmukhin@eabu-sol-eng-dc-s7# exit 
Exiting configuration mode

vmukhin@eabu-sol-eng-dc-s7> ftp 172.29.65.79 
Connected to 172.29.65.79.
220-FileZilla Server version 0.9.48 beta
220-written by Tim Kosse (tim.kosse@filezilla-project.org)
220 Please visit http://sourceforge.net/projects/filezilla/
Name (172.29.65.79:vmukhin): mamba
331 Password required for mamba
Password:
230 Logged on
Remote system type is UNIX.
ftp> binary
200 Type set to I
ftp> get ./mbh1.1-full-isis-rsvp-bgp-lu-VPLS-OAM-July-16-restored/2013-07-27-v.01/ag3.1-mbh1.1-full-isis-rsvp-bgp-lu-VPLS-OAM-July-16-restored.conf ag3.1-mbh1.1-full-isis-rsvp-bgp-lu-VPLS-OAM-July-16-restored.conf
local: ag3.1-mbh1.1-full-isis-rsvp-bgp-lu-VPLS-OAM-July-16-restored.conf remote: ./mbh1.1-full-isis-rsvp-bgp-lu-VPLS-OAM-July-16-restored/2013-07-27-v.01/ag3.1-mbh1.1-full-isis-rsvp-bgp-lu-VPLS-OAM-July-16-restored.conf
200 Port command successful
150 Opening data channel for file download from server of "/mbh1.1-full-isis-rsvp-bgp-lu-VPLS-OAM-July-16-restored/2013-07-27-v.01/ag3.1-mbh1.1-full-isis-rsvp-bgp-lu-VPLS-OAM-July-16-restored.conf"
100% |**************************************************************************| 14348       00:00 ETA
226 Successfully transferred "/mbh1.1-full-isis-rsvp-bgp-lu-VPLS-OAM-July-16-restored/2013-07-27-v.01/ag3.1-mbh1.1-full-isis-rsvp-bgp-lu-VPLS-OAM-July-16-restored.conf"
14348 bytes received in 0.94 seconds (14.89 KB/s)
ftp> quit
221 Goodbye

vmukhin@eabu-sol-eng-dc-s7> edit 
Entering configuration mode
Users currently editing the configuration:
  vmukhin terminal p0 (pid 2036) on since 2016-03-08 11:09:11 UTC, idle 00:22:55
      [edit]

[edit]
vmukhin@eabu-sol-eng-dc-s7# delete access 
warning: statement not found

[edit]
vmukhin@eabu-sol-eng-dc-s7# delete services 
warning: statement not found

[edit]
vmukhin@eabu-sol-eng-dc-s7# delete routing-instances 

[edit]
vmukhin@eabu-sol-eng-dc-s7# delete protocols 

[edit]
vmukhin@eabu-sol-eng-dc-s7# delete interfaces 

[edit]
vmukhin@eabu-sol-eng-dc-s7# delete routing-options 

[edit]
vmukhin@eabu-sol-eng-dc-s7# commit 
commit complete

[edit]
vmukhin@eabu-sol-eng-dc-s7# ...-isis-rsvp-bgp-lu-VPLS-OAM-July-16-restored.conf                      
load complete

[edit]
vmukhin@eabu-sol-eng-dc-s7# edit groups global 

[edit groups global]
vmukhin@eabu-sol-eng-dc-s7# load replace grp-global-original.conf 
exit
load complete

[edit groups global]
vmukhin@eabu-sol-eng-dc-s7# exit 

[edit]
vmukhin@eabu-sol-eng-dc-s7# set apply-groups global 

[edit]
vmukhin@eabu-sol-eng-dc-s7# edit groups re0 

[edit groups re0]
vmukhin@eabu-sol-eng-dc-s7# load replace grp-re0.conf 
exit
load complete

[edit groups re0]
vmukhin@eabu-sol-eng-dc-s7# exit 

[edit]
vmukhin@eabu-sol-eng-dc-s7# set apply-groups re0 

[edit]
vmukhin@eabu-sol-eng-dc-s7# commit 
commit complete

[edit]
--- JUNOS 13.3R2.7 built 2014-04-20 20:58:39 UTC

vmukhin@eabu-sol-eng-dc-s7> 

vmukhin@eabu-sol-eng-dc-s7> 

vmukhin@eabu-sol-eng-dc-s7> show version 
Hostname: eabu-sol-eng-dc-s7
Model: mx80-48t
Junos: 13.3R2.7
JUNOS Base OS boot [13.3R2.7]
JUNOS Base OS Software Suite [13.3R2.7]
JUNOS Kernel Software Suite [13.3R2.7]
JUNOS Crypto Software Suite [13.3R2.7]
JUNOS Packet Forwarding Engine Support (MX80) [13.3R2.7]
JUNOS Online Documentation [13.3R2.7]
JUNOS Services Application Level Gateways [13.3R2.7]
JUNOS Services Jflow Container package [13.3R2.7]
JUNOS Services Stateful Firewall [13.3R2.7]
JUNOS Services NAT [13.3R2.7]
JUNOS Services RPM [13.3R2.7]
JUNOS Services Crypto [13.3R2.7]
JUNOS Services SSL [13.3R2.7]
JUNOS Services IPSec [13.3R2.7]
JUNOS Routing Software Suite [13.3R2.7]

vmukhin@eabu-sol-eng-dc-s7> 

vmukhin@eabu-sol-eng-dc-s7> edit 
Entering configuration mode
Users currently editing the configuration:
  vmukhin terminal p0 (pid 2036) on since 2016-03-08 11:09:11 UTC, idle 00:26:25
      [edit]

[edit]
vmukhin@eabu-sol-eng-dc-s7# edit groups global 

[edit groups global]
vmukhin@eabu-sol-eng-dc-s7# save grp-global-original.conf 
Wrote 100 lines of configuration to 'grp-global-original.conf'

[edit groups global]
vmukhin@eabu-sol-eng-dc-s7# exit 

[edit]
vmukhin@eabu-sol-eng-dc-s7# edit groups re0 

[edit groups re0]
vmukhin@eabu-sol-eng-dc-s7# show 
interfaces {
    fxp0 {
        unit 0 {
            family inet {
                address 10.164.1.134/23;
            }
        }
    }
}

[edit groups re0]
vmukhin@eabu-sol-eng-dc-s7# save grp-re0.conf 
Wrote 15 lines of configuration to 'grp-re0.conf'

[edit groups re0]
vmukhin@eabu-sol-eng-dc-s7# exit 

[edit]
vmukhin@eabu-sol-eng-dc-s7# exit 
Exiting configuration mode

vmukhin@eabu-sol-eng-dc-s7> ftp 172.29.65.79 
Connected to 172.29.65.79.
220-FileZilla Server version 0.9.48 beta
220-written by Tim Kosse (tim.kosse@filezilla-project.org)
220 Please visit http://sourceforge.net/projects/filezilla/
Name (172.29.65.79:vmukhin): mamba
331 Password required for mamba
Password:
230 Logged on
Remote system type is UNIX.
ftp> binary
200 Type set to I
ftp> get ./mbh1.1-full-isis-rsvp-bgp-lu-VPLS-OAM-July-16-restored/2013-07-27-v.01/ag3.1-mbh1.1-full-isis-rsvp-bgp-lu-VPLS-OAM-July-16-restored.conf ag3.1-mbh1.1-full-isis-rsvp-bgp-lu-VPLS-OAM-July-16-restored.conf
local: ag3.1-mbh1.1-full-isis-rsvp-bgp-lu-VPLS-OAM-July-16-restored.conf remote: ./mbh1.1-full-isis-rsvp-bgp-lu-VPLS-OAM-July-16-restored/2013-07-27-v.01/ag3.1-mbh1.1-full-isis-rsvp-bgp-lu-VPLS-OAM-July-16-restored.conf
200 Port command successful
150 Opening data channel for file download from server of "/mbh1.1-full-isis-rsvp-bgp-lu-VPLS-OAM-July-16-restored/2013-07-27-v.01/ag3.1-mbh1.1-full-isis-rsvp-bgp-lu-VPLS-OAM-July-16-restored.conf"
100% |**************************************************************************| 14348       00:00 ETA
226 Successfully transferred "/mbh1.1-full-isis-rsvp-bgp-lu-VPLS-OAM-July-16-restored/2013-07-27-v.01/ag3.1-mbh1.1-full-isis-rsvp-bgp-lu-VPLS-OAM-July-16-restored.conf"
14348 bytes received in 0.95 seconds (14.76 KB/s)
ftp> quit
221 Goodbye

vmukhin@eabu-sol-eng-dc-s7> edit 
Entering configuration mode
Users currently editing the configuration:
  vmukhin terminal p0 (pid 2036) on since 2016-03-08 11:09:11 UTC, idle 00:26:35
      [edit]

[edit]
vmukhin@eabu-sol-eng-dc-s7# delete access 
warning: statement not found

[edit]
vmukhin@eabu-sol-eng-dc-s7# delete services 
warning: statement not found

[edit]
vmukhin@eabu-sol-eng-dc-s7# delete routing-instances 

[edit]
vmukhin@eabu-sol-eng-dc-s7# delete protocols 

[edit]
vmukhin@eabu-sol-eng-dc-s7# delete interfaces 

[edit]
vmukhin@eabu-sol-eng-dc-s7# delete routing-options 

[edit]
vmukhin@eabu-sol-eng-dc-s7# commit 
commit complete

[edit]
vmukhin@eabu-sol-eng-dc-s7# ...-isis-rsvp-bgp-lu-VPLS-OAM-July-16-restored.conf                      
load complete

[edit]
vmukhin@eabu-sol-eng-dc-s7# edit groups global 

[edit groups global]
vmukhin@eabu-sol-eng-dc-s7# load replace grp-global-original.conf 
exit
load complete

[edit groups global]
vmukhin@eabu-sol-eng-dc-s7# exit 

[edit]
vmukhin@eabu-sol-eng-dc-s7# set apply-groups global 

[edit]
vmukhin@eabu-sol-eng-dc-s7# edit groups re0 

[edit groups re0]
vmukhin@eabu-sol-eng-dc-s7# load replace grp-re0.conf 
exit
load complete

[edit groups re0]
vmukhin@eabu-sol-eng-dc-s7# exit 

[edit]
vmukhin@eabu-sol-eng-dc-s7# set apply-groups re0 

[edit]
vmukhin@eabu-sol-eng-dc-s7# commit 
commit complete

[edit]
--- JUNOS 13.3R2.7 built 2014-04-20 20:58:39 UTC

vmukhin@eabu-sol-eng-dc-s7> 

vmukhin@eabu-sol-eng-dc-s7> 

vmukhin@eabu-sol-eng-dc-s7> show version 
Hostname: eabu-sol-eng-dc-s7
Model: mx80-48t
Junos: 13.3R2.7
JUNOS Base OS boot [13.3R2.7]
JUNOS Base OS Software Suite [13.3R2.7]
JUNOS Kernel Software Suite [13.3R2.7]
JUNOS Crypto Software Suite [13.3R2.7]
JUNOS Packet Forwarding Engine Support (MX80) [13.3R2.7]
JUNOS Online Documentation [13.3R2.7]
JUNOS Services Application Level Gateways [13.3R2.7]
JUNOS Services Jflow Container package [13.3R2.7]
JUNOS Services Stateful Firewall [13.3R2.7]
JUNOS Services NAT [13.3R2.7]
JUNOS Services RPM [13.3R2.7]
JUNOS Services Crypto [13.3R2.7]
JUNOS Services SSL [13.3R2.7]
JUNOS Services IPSec [13.3R2.7]
JUNOS Routing Software Suite [13.3R2.7]

vmukhin@eabu-sol-eng-dc-s7> 

vmukhin@eabu-sol-eng-dc-s7> edit 
Entering configuration mode
Users currently editing the configuration:
  vmukhin terminal p0 (pid 2036) on since 2016-03-08 11:09:11 UTC, idle 00:37:13
      [edit]

[edit]
vmukhin@eabu-sol-eng-dc-s7# edit groups global 

[edit groups global]
vmukhin@eabu-sol-eng-dc-s7# save grp-global-original.conf 
Wrote 100 lines of configuration to 'grp-global-original.conf'

[edit groups global]
vmukhin@eabu-sol-eng-dc-s7# exit 

[edit]
vmukhin@eabu-sol-eng-dc-s7# edit groups re0 

[edit groups re0]
vmukhin@eabu-sol-eng-dc-s7# show 
interfaces {
    fxp0 {
        unit 0 {
            family inet {
                address 10.164.1.134/23;
            }
        }
    }
}

[edit groups re0]
vmukhin@eabu-sol-eng-dc-s7# save grp-re0.conf 
Wrote 15 lines of configuration to 'grp-re0.conf'

[edit groups re0]
vmukhin@eabu-sol-eng-dc-s7# exit 

[edit]
vmukhin@eabu-sol-eng-dc-s7# exit 
Exiting configuration mode

vmukhin@eabu-sol-eng-dc-s7> ftp 172.29.65.79 
Connected to 172.29.65.79.
220-FileZilla Server version 0.9.48 beta
220-written by Tim Kosse (tim.kosse@filezilla-project.org)
220 Please visit http://sourceforge.net/projects/filezilla/
Name (172.29.65.79:vmukhin): mamba
331 Password required for mamba
Password:
230 Logged on
Remote system type is UNIX.
ftp> binary
200 Type set to I
ftp> get ./mbh1.1-full-isis-rsvp-bgp-lu-VPLS-OAM-July-16-restored/2013-07-27-v.01/ag3.1-mbh1.1-full-isis-rsvp-bgp-lu-VPLS-OAM-July-16-restored.conf ag3.1-mbh1.1-full-isis-rsvp-bgp-lu-VPLS-OAM-July-16-restored.conf
local: ag3.1-mbh1.1-full-isis-rsvp-bgp-lu-VPLS-OAM-July-16-restored.conf remote: ./mbh1.1-full-isis-rsvp-bgp-lu-VPLS-OAM-July-16-restored/2013-07-27-v.01/ag3.1-mbh1.1-full-isis-rsvp-bgp-lu-VPLS-OAM-July-16-restored.conf
200 Port command successful
150 Opening data channel for file download from server of "/mbh1.1-full-isis-rsvp-bgp-lu-VPLS-OAM-July-16-restored/2013-07-27-v.01/ag3.1-mbh1.1-full-isis-rsvp-bgp-lu-VPLS-OAM-July-16-restored.conf"
100% |**************************************************************************| 14348       00:00 ETA
226 Successfully transferred "/mbh1.1-full-isis-rsvp-bgp-lu-VPLS-OAM-July-16-restored/2013-07-27-v.01/ag3.1-mbh1.1-full-isis-rsvp-bgp-lu-VPLS-OAM-July-16-restored.conf"
14348 bytes received in 1.25 seconds (11.24 KB/s)
ftp> quit
221 Goodbye

vmukhin@eabu-sol-eng-dc-s7> edit 
Entering configuration mode
Users currently editing the configuration:
  vmukhin terminal p0 (pid 2036) on since 2016-03-08 11:09:11 UTC, idle 00:37:24
      [edit]

[edit]
vmukhin@eabu-sol-eng-dc-s7# delete access 
warning: statement not found

[edit]
vmukhin@eabu-sol-eng-dc-s7# delete services 
warning: statement not found

[edit]
vmukhin@eabu-sol-eng-dc-s7# delete routing-instances 

[edit]
vmukhin@eabu-sol-eng-dc-s7# delete protocols 

[edit]
vmukhin@eabu-sol-eng-dc-s7# delete interfaces 

[edit]
vmukhin@eabu-sol-eng-dc-s7# delete routing-options 

[edit]
vmukhin@eabu-sol-eng-dc-s7# commit 
commit complete

[edit]
vmukhin@eabu-sol-eng-dc-s7# ...-isis-rsvp-bgp-lu-VPLS-OAM-July-16-restored.conf                      
edit groups global
load complete

[edit]
vmukhin@eabu-sol-eng-dc-s7# edit groups global 

[edit groups global]
vmukhin@eabu-sol-eng-dc-s7# load replace grp-global-original.conf 
load complete

[edit groups global]
vmukhin@eabu-sol-eng-dc-s7# exit 

[edit]
vmukhin@eabu-sol-eng-dc-s7# set apply-groups global 

[edit]
vmukhin@eabu-sol-eng-dc-s7# edit groups re0 

[edit groups re0]
vmukhin@eabu-sol-eng-dc-s7# load replace grp-re0.conf 
load complete

[edit groups re0]
vmukhin@eabu-sol-eng-dc-s7# exit 

[edit]
vmukhin@eabu-sol-eng-dc-s7# set apply-groups re0 

[edit]
vmukhin@eabu-sol-eng-dc-s7# commit 
commit complete

[edit]
--- JUNOS 13.3R2.7 built 2014-04-20 20:58:39 UTC

vmukhin@eabu-sol-eng-dc-s7> 

vmukhin@eabu-sol-eng-dc-s7> 

vmukhin@eabu-sol-eng-dc-s7> show version 
Hostname: eabu-sol-eng-dc-s7
Model: mx80-48t
Junos: 13.3R2.7
JUNOS Base OS boot [13.3R2.7]
JUNOS Base OS Software Suite [13.3R2.7]
JUNOS Kernel Software Suite [13.3R2.7]
JUNOS Crypto Software Suite [13.3R2.7]
JUNOS Packet Forwarding Engine Support (MX80) [13.3R2.7]
JUNOS Online Documentation [13.3R2.7]
JUNOS Services Application Level Gateways [13.3R2.7]
JUNOS Services Jflow Container package [13.3R2.7]
JUNOS Services Stateful Firewall [13.3R2.7]
JUNOS Services NAT [13.3R2.7]
JUNOS Services RPM [13.3R2.7]
JUNOS Services Crypto [13.3R2.7]
JUNOS Services SSL [13.3R2.7]
JUNOS Services IPSec [13.3R2.7]
JUNOS Routing Software Suite [13.3R2.7]

vmukhin@eabu-sol-eng-dc-s7> 

vmukhin@eabu-sol-eng-dc-s7> edit 
Entering configuration mode
Users currently editing the configuration:
  vmukhin terminal p0 (pid 2036) on since 2016-03-08 11:09:11 UTC, idle 00:39:16
      [edit]

[edit]
vmukhin@eabu-sol-eng-dc-s7# edit groups global 

[edit groups global]
vmukhin@eabu-sol-eng-dc-s7# save grp-global-original.conf 
Wrote 100 lines of configuration to 'grp-global-original.conf'

[edit groups global]
vmukhin@eabu-sol-eng-dc-s7# exit 

[edit]
vmukhin@eabu-sol-eng-dc-s7# edit groups re0 

[edit groups re0]
vmukhin@eabu-sol-eng-dc-s7# show 
interfaces {
    fxp0 {
        unit 0 {
            family inet {
                address 10.164.1.134/23;
            }
        }
    }
}

[edit groups re0]
vmukhin@eabu-sol-eng-dc-s7# save grp-re0.conf 
Wrote 15 lines of configuration to 'grp-re0.conf'

[edit groups re0]
vmukhin@eabu-sol-eng-dc-s7# exit 

[edit]
vmukhin@eabu-sol-eng-dc-s7# exit 
Exiting configuration mode

vmukhin@eabu-sol-eng-dc-s7> ftp 172.29.65.79 
Connected to 172.29.65.79.
220-FileZilla Server version 0.9.48 beta
220-written by Tim Kosse (tim.kosse@filezilla-project.org)
220 Please visit http://sourceforge.net/projects/filezilla/
Name (172.29.65.79:vmukhin): mamba
331 Password required for mamba
Password:
230 Logged on
Remote system type is UNIX.
ftp> binary
200 Type set to I
ftp> get ./mbh1.1-full-isis-rsvp-bgp-lu-VPLS-OAM-July-16-restored/2013-07-27-v.01/ag3.1-mbh1.1-full-isis-rsvp-bgp-lu-VPLS-OAM-July-16-restored.conf ag3.1-mbh1.1-full-isis-rsvp-bgp-lu-VPLS-OAM-July-16-restored.conf
local: ag3.1-mbh1.1-full-isis-rsvp-bgp-lu-VPLS-OAM-July-16-restored.conf remote: ./mbh1.1-full-isis-rsvp-bgp-lu-VPLS-OAM-July-16-restored/2013-07-27-v.01/ag3.1-mbh1.1-full-isis-rsvp-bgp-lu-VPLS-OAM-July-16-restored.conf
200 Port command successful
150 Opening data channel for file download from server of "/mbh1.1-full-isis-rsvp-bgp-lu-VPLS-OAM-July-16-restored/2013-07-27-v.01/ag3.1-mbh1.1-full-isis-rsvp-bgp-lu-VPLS-OAM-July-16-restored.conf"
100% |**************************************************************************| 14348       00:00 ETA
226 Successfully transferred "/mbh1.1-full-isis-rsvp-bgp-lu-VPLS-OAM-July-16-restored/2013-07-27-v.01/ag3.1-mbh1.1-full-isis-rsvp-bgp-lu-VPLS-OAM-July-16-restored.conf"
14348 bytes received in 1.09 seconds (12.82 KB/s)
ftp> quit
221 Goodbye

vmukhin@eabu-sol-eng-dc-s7> edit 
Entering configuration mode
Users currently editing the configuration:
  vmukhin terminal p0 (pid 2036) on since 2016-03-08 11:09:11 UTC, idle 00:39:26
      [edit]

[edit]
vmukhin@eabu-sol-eng-dc-s7# delete access 
warning: statement not found

[edit]
vmukhin@eabu-sol-eng-dc-s7# delete services 
warning: statement not found

[edit]
vmukhin@eabu-sol-eng-dc-s7# delete routing-instances 

[edit]
vmukhin@eabu-sol-eng-dc-s7# delete protocols 

[edit]
vmukhin@eabu-sol-eng-dc-s7# delete interfaces 

[edit]
vmukhin@eabu-sol-eng-dc-s7# delete routing-options 

[edit]
vmukhin@eabu-sol-eng-dc-s7# commit 
commit complete

[edit]
vmukhin@eabu-sol-eng-dc-s7# ...-isis-rsvp-bgp-lu-VPLS-OAM-July-16-restored.conf                      
edit groups global
load complete

[edit]
vmukhin@eabu-sol-eng-dc-s7# edit groups global 

[edit groups global]
vmukhin@eabu-sol-eng-dc-s7# load replace grp-global-original.conf 
load complete

[edit groups global]
vmukhin@eabu-sol-eng-dc-s7# exit 

[edit]
vmukhin@eabu-sol-eng-dc-s7# set apply-groups global 

[edit]
vmukhin@eabu-sol-eng-dc-s7# edit groups re0 

[edit groups re0]
vmukhin@eabu-sol-eng-dc-s7# load replace grp-re0.conf 
load complete

[edit groups re0]
vmukhin@eabu-sol-eng-dc-s7# exit 

[edit]
vmukhin@eabu-sol-eng-dc-s7# set apply-groups re0 

[edit]
vmukhin@eabu-sol-eng-dc-s7# commit 
commit complete

[edit]
--- JUNOS 13.3R2.7 built 2014-04-20 20:58:39 UTC

vmukhin@eabu-sol-eng-dc-s7> 

vmukhin@eabu-sol-eng-dc-s7> 

vmukhin@eabu-sol-eng-dc-s7> show version 
Hostname: eabu-sol-eng-dc-s7
Model: mx80-48t
Junos: 13.3R2.7
JUNOS Base OS boot [13.3R2.7]
JUNOS Base OS Software Suite [13.3R2.7]
JUNOS Kernel Software Suite [13.3R2.7]
JUNOS Crypto Software Suite [13.3R2.7]
JUNOS Packet Forwarding Engine Support (MX80) [13.3R2.7]
JUNOS Online Documentation [13.3R2.7]
JUNOS Services Application Level Gateways [13.3R2.7]
JUNOS Services Jflow Container package [13.3R2.7]
JUNOS Services Stateful Firewall [13.3R2.7]
JUNOS Services NAT [13.3R2.7]
JUNOS Services RPM [13.3R2.7]
JUNOS Services Crypto [13.3R2.7]
JUNOS Services SSL [13.3R2.7]
JUNOS Services IPSec [13.3R2.7]
JUNOS Routing Software Suite [13.3R2.7]

vmukhin@eabu-sol-eng-dc-s7> 

vmukhin@eabu-sol-eng-dc-s7> edit 
Entering configuration mode
Users currently editing the configuration:
  vmukhin terminal p0 (pid 2036) on since 2016-03-08 11:09:11 UTC, idle 00:42:41
      [edit]

[edit]
vmukhin@eabu-sol-eng-dc-s7# edit groups global 

[edit groups global]
vmukhin@eabu-sol-eng-dc-s7# save grp-global-original.conf 
Wrote 100 lines of configuration to 'grp-global-original.conf'

[edit groups global]
vmukhin@eabu-sol-eng-dc-s7# exit 

[edit]
vmukhin@eabu-sol-eng-dc-s7# edit groups re0 

[edit groups re0]
vmukhin@eabu-sol-eng-dc-s7# show 
interfaces {
    fxp0 {
        unit 0 {
            family inet {
                address 10.164.1.134/23;
            }
        }
    }
}

[edit groups re0]
vmukhin@eabu-sol-eng-dc-s7# save grp-re0.conf 
Wrote 15 lines of configuration to 'grp-re0.conf'

[edit groups re0]
vmukhin@eabu-sol-eng-dc-s7# exit 

[edit]
vmukhin@eabu-sol-eng-dc-s7# exit 
Exiting configuration mode

vmukhin@eabu-sol-eng-dc-s7> ftp 172.29.65.79 
Connected to 172.29.65.79.
220-FileZilla Server version 0.9.48 beta
220-written by Tim Kosse (tim.kosse@filezilla-project.org)
220 Please visit http://sourceforge.net/projects/filezilla/
Name (172.29.65.79:vmukhin): mamba
331 Password required for mamba
Password:
230 Logged on
Remote system type is UNIX.
ftp> binary
200 Type set to I
ftp> get ./mbh1.1-full-isis-rsvp-bgp-lu-VPLS-OAM-July-16-restored/2013-07-27-v.01/ag3.1-mbh1.1-full-isis-rsvp-bgp-lu-VPLS-OAM-July-16-restored.conf ag3.1-mbh1.1-full-isis-rsvp-bgp-lu-VPLS-OAM-July-16-restored.conf
local: ag3.1-mbh1.1-full-isis-rsvp-bgp-lu-VPLS-OAM-July-16-restored.conf remote: ./mbh1.1-full-isis-rsvp-bgp-lu-VPLS-OAM-July-16-restored/2013-07-27-v.01/ag3.1-mbh1.1-full-isis-rsvp-bgp-lu-VPLS-OAM-July-16-restored.conf
200 Port command successful
150 Opening data channel for file download from server of "/mbh1.1-full-isis-rsvp-bgp-lu-VPLS-OAM-July-16-restored/2013-07-27-v.01/ag3.1-mbh1.1-full-isis-rsvp-bgp-lu-VPLS-OAM-July-16-restored.conf"
100% |**************************************************************************| 14348       00:00 ETA
226 Successfully transferred "/mbh1.1-full-isis-rsvp-bgp-lu-VPLS-OAM-July-16-restored/2013-07-27-v.01/ag3.1-mbh1.1-full-isis-rsvp-bgp-lu-VPLS-OAM-July-16-restored.conf"
14348 bytes received in 1.10 seconds (12.78 KB/s)
ftp> quit
221 Goodbye

vmukhin@eabu-sol-eng-dc-s7> edit 
Entering configuration mode
Users currently editing the configuration:
  vmukhin terminal p0 (pid 2036) on since 2016-03-08 11:09:11 UTC, idle 00:42:54
      [edit]

[edit]
vmukhin@eabu-sol-eng-dc-s7# delete access 
warning: statement not found

[edit]
vmukhin@eabu-sol-eng-dc-s7# delete services 
warning: statement not found

[edit]
vmukhin@eabu-sol-eng-dc-s7# delete routing-instances 

[edit]
vmukhin@eabu-sol-eng-dc-s7# delete protocols 

[edit]
vmukhin@eabu-sol-eng-dc-s7# delete interfaces 

[edit]
vmukhin@eabu-sol-eng-dc-s7# delete routing-options 

[edit]
vmukhin@eabu-sol-eng-dc-s7# commit 
commit complete

[edit]
vmukhin@eabu-sol-eng-dc-s7# ...-isis-rsvp-bgp-lu-VPLS-OAM-July-16-restored.conf                      
edit groups global
load complete

[edit]
vmukhin@eabu-sol-eng-dc-s7# edit groups global 

[edit groups global]
vmukhin@eabu-sol-eng-dc-s7# load replace grp-global-original.conf 
load complete

[edit groups global]
vmukhin@eabu-sol-eng-dc-s7# exit 

[edit]
vmukhin@eabu-sol-eng-dc-s7# set apply-groups global 

[edit]
vmukhin@eabu-sol-eng-dc-s7# edit groups re0 

[edit groups re0]
vmukhin@eabu-sol-eng-dc-s7# load replace grp-re0.conf 
load complete

[edit groups re0]
vmukhin@eabu-sol-eng-dc-s7# exit 

[edit]
vmukhin@eabu-sol-eng-dc-s7# set apply-groups re0 

[edit]
vmukhin@eabu-sol-eng-dc-s7# commit 
commit complete

[edit]
