--- JUNOS 12.3-20150930_acx_x54_s4.0 built 2015-09-30 18:38:44 UTC
At least one package installed on this device has limited support.
Run 'file show /etc/notices/unsupported.txt' for details.

vmukhin@csr1.3-c-quark> 

vmukhin@csr1.3-c-quark> 

vmukhin@csr1.3-c-quark> show version 
Hostname: csr1.3-c-quark
Model: acx4000
JUNOS Crypto Software Suite [12.3-20150930_acx_x54_s4.0]
JUNOS Base OS Software Suite [12.3-20150930_acx_x54_s4.0]
JUNOS Kernel Software Suite [12.3-20150930_acx_x54_s4.0]
JUNOS Base OS boot [12.3-20150930_acx_x54_s4.0]
JUNOS Packet Forwarding Engine Support (ACX) [12.3-20150930_acx_x54_s4.0]
JUNOS Online Documentation [12.3-20150930_acx_x54_s4.0]
JUNOS Routing Software Suite [12.3-20150930_acx_x54_s4.0]

vmukhin@csr1.3-c-quark> 

vmukhin@csr1.3-c-quark> edit 
Entering configuration mode

[edit]
vmukhin@csr1.3-c-quark# edit groups global 

[edit groups global]
vmukhin@csr1.3-c-quark# save grp-global-original.conf 
Wrote 336 lines of configuration to 'grp-global-original.conf'

[edit groups global]
vmukhin@csr1.3-c-quark# exit 

[edit]
vmukhin@csr1.3-c-quark# edit groups re0 

[edit groups re0]
vmukhin@csr1.3-c-quark# show 
system {
    host-name csr1.3-c-quark;
}
interfaces {
    fxp0 {
        unit 0 {
            family inet {
                address 10.164.1.137/23;
            }
        }
    }
}

[edit groups re0]
vmukhin@csr1.3-c-quark# save grp-re0.conf 
Wrote 18 lines of configuration to 'grp-re0.conf'

[edit groups re0]
vmukhin@csr1.3-c-quark# exit 

[edit]
vmukhin@csr1.3-c-quark# exit 
Exiting configuration mode

vmukhin@csr1.3-c-quark> ftp 172.29.103.14 
Connected to 172.29.103.14.
220-FileZilla Server version 0.9.48 beta
220-written by Tim Kosse (tim.kosse@filezilla-project.org)
220 Please visit http://sourceforge.net/projects/filezilla/
Name (172.29.103.14:vmukhin): mamba
331 Password required for mamba
Password:
230 Logged on
Remote system type is UNIX.
ftp> binary
200 Type set to I
ftp> get ./ce20-service-all-plus-ce-and-mbh-mng-good-Aug-24/2013-08-25-v.01/csr1.3-ce20-service-all-plus-ce-and-mbh-mng-good-Aug-24.conf csr1.3-ce20-service-all-plus-ce-and-mbh-mng-good-Aug-24.conf
local: csr1.3-ce20-service-all-plus-ce-and-mbh-mng-good-Aug-24.conf remote: ./ce20-service-all-plus-ce-and-mbh-mng-good-Aug-24/2013-08-25-v.01/csr1.3-ce20-service-all-plus-ce-and-mbh-mng-good-Aug-24.conf
200 Port command successful
150 Opening data channel for file download from server of "/ce20-service-all-plus-ce-and-mbh-mng-good-Aug-24/2013-08-25-v.01/csr1.3-ce20-service-all-plus-ce-and-mbh-mng-good-Aug-24.conf"
100% |**********************************************************************************************************************************************************| 21227       00:00 ETAA
226 Successfully transferred "/ce20-service-all-plus-ce-and-mbh-mng-good-Aug-24/2013-08-25-v.01/csr1.3-ce20-service-all-plus-ce-and-mbh-mng-good-Aug-24.conf"
21227 bytes received in 0.10 seconds (214.81 KB/s)
ftp> quit
221 Goodbye

vmukhin@csr1.3-c-quark> edit 
Entering configuration mode

[edit]
vmukhin@csr1.3-c-quark# delete access 
warning: statement not found

[edit]
vmukhin@csr1.3-c-quark# delete services 
warning: statement not found

[edit]
vmukhin@csr1.3-c-quark# delete routing-instances 
warning: statement not found

[edit]
vmukhin@csr1.3-c-quark# delete protocols 

[edit]
vmukhin@csr1.3-c-quark# delete interfaces 

[edit]
vmukhin@csr1.3-c-quark# delete routing-options 

[edit]
vmukhin@csr1.3-c-quark# commit 
commit complete

[edit]
vmukhin@csr1.3-c-quark# load update csr1.3-ce20-service-all-plus-ce-and-mbh-mng-good-Aug-24.conf 
edit groups global
load complete

[edit]
vmukhin@csr1.3-c-quark# edit groups global 

[edit groups global]
vmukhin@csr1.3-c-quark# load replace grp-global-original.conf 
exit
load complete

[edit groups global]
vmukhin@csr1.3-c-quark# exit 

[edit]
vmukhin@csr1.3-c-quark# set apply-groups global 

[edit]
vmukhin@csr1.3-c-quark# edit groups re0 

[edit groups re0]
vmukhin@csr1.3-c-quark# load replace grp-re0.conf 
exit
load complete

[edit groups re0]
vmukhin@csr1.3-c-quark# exit 

[edit]
vmukhin@csr1.3-c-quark# set apply-groups re0 

[edit]
vmukhin@csr1.3-c-quark# commit 
commit complete

[edit]
--- JUNOS 12.3-20150930_acx_x54_s4.0 built 2015-09-30 18:38:44 UTC
At least one package installed on this device has limited support.
Run 'file show /etc/notices/unsupported.txt' for details.

vmukhin@csr1.3-c-quark> 

vmukhin@csr1.3-c-quark> 

vmukhin@csr1.3-c-quark> show version 
Hostname: csr1.3-c-quark
Model: acx4000
JUNOS Crypto Software Suite [12.3-20150930_acx_x54_s4.0]
JUNOS Base OS Software Suite [12.3-20150930_acx_x54_s4.0]
JUNOS Kernel Software Suite [12.3-20150930_acx_x54_s4.0]
JUNOS Base OS boot [12.3-20150930_acx_x54_s4.0]
JUNOS Packet Forwarding Engine Support (ACX) [12.3-20150930_acx_x54_s4.0]
JUNOS Online Documentation [12.3-20150930_acx_x54_s4.0]
JUNOS Routing Software Suite [12.3-20150930_acx_x54_s4.0]

vmukhin@csr1.3-c-quark> 

vmukhin@csr1.3-c-quark> edit 
Entering configuration mode
Users currently editing the configuration:
  vmukhin terminal p0 (pid 58007) on since 2016-04-26 08:02:26 PDT, idle 00:20:13
      [edit]

[edit]
vmukhin@csr1.3-c-quark# edit groups global 

[edit groups global]
vmukhin@csr1.3-c-quark# save grp-global-original.conf 
Wrote 336 lines of configuration to 'grp-global-original.conf'

[edit groups global]
vmukhin@csr1.3-c-quark# exit 

[edit]
vmukhin@csr1.3-c-quark# edit groups re0 

[edit groups re0]
vmukhin@csr1.3-c-quark# show 
system {
    host-name csr1.3-c-quark;
}
interfaces {
    fxp0 {
        unit 0 {
            family inet {
                address 10.164.1.137/23;
            }
        }
    }
}

[edit groups re0]
vmukhin@csr1.3-c-quark# save grp-re0.conf 
Wrote 18 lines of configuration to 'grp-re0.conf'

[edit groups re0]
vmukhin@csr1.3-c-quark# exit 

[edit]
vmukhin@csr1.3-c-quark# exit 
Exiting configuration mode

vmukhin@csr1.3-c-quark> ftp 172.29.103.14 
Connected to 172.29.103.14.
220-FileZilla Server version 0.9.48 beta
220-written by Tim Kosse (tim.kosse@filezilla-project.org)
220 Please visit http://sourceforge.net/projects/filezilla/
Name (172.29.103.14:vmukhin): mamba
331 Password required for mamba
Password:
230 Logged on
Remote system type is UNIX.
ftp> binary
200 Type set to I
ftp> get ./BlueSky1.0-MBH-Sep-16-2014/2014-08-19-v.01/csr1.3-BlueSky1.0-MBH-Sep-16-2014.conf csr1.3-BlueSky1.0-MBH-Sep-16-2014.conf
local: csr1.3-BlueSky1.0-MBH-Sep-16-2014.conf remote: ./BlueSky1.0-MBH-Sep-16-2014/2014-08-19-v.01/csr1.3-BlueSky1.0-MBH-Sep-16-2014.conf
200 Port command successful
150 Opening data channel for file download from server of "/BlueSky1.0-MBH-Sep-16-2014/2014-08-19-v.01/csr1.3-BlueSky1.0-MBH-Sep-16-2014.conf"
100% |**********************************************************************************************************************************************************| 16914       00:00 ETAA
226 Successfully transferred "/BlueSky1.0-MBH-Sep-16-2014/2014-08-19-v.01/csr1.3-BlueSky1.0-MBH-Sep-16-2014.conf"
16914 bytes received in 0.10 seconds (172.71 KB/s)
ftp> quit
221 Goodbye

vmukhin@csr1.3-c-quark> edit 
Entering configuration mode
Users currently editing the configuration:
  vmukhin terminal p0 (pid 58007) on since 2016-04-26 08:02:26 PDT, idle 00:20:15
      [edit]

[edit]
vmukhin@csr1.3-c-quark# delete access 
warning: statement not found

[edit]
vmukhin@csr1.3-c-quark# delete services 
warning: statement not found

[edit]
vmukhin@csr1.3-c-quark# delete routing-instances 
warning: statement not found

[edit]
vmukhin@csr1.3-c-quark# delete protocols 

[edit]
vmukhin@csr1.3-c-quark# delete interfaces 

[edit]
vmukhin@csr1.3-c-quark# delete routing-options 

[edit]
vmukhin@csr1.3-c-quark# commit 
commit complete

[edit]
vmukhin@csr1.3-c-quark# load update csr1.3-BlueSky1.0-MBH-Sep-16-2014.conf 
edit groups global
load complete

[edit]
vmukhin@csr1.3-c-quark# edit groups global 

[edit groups global]
vmukhin@csr1.3-c-quark# load replace grp-global-original.conf 
exit
load complete

[edit groups global]
vmukhin@csr1.3-c-quark# exit 

[edit]
vmukhin@csr1.3-c-quark# set apply-groups global 

[edit]
vmukhin@csr1.3-c-quark# edit groups re0 

[edit groups re0]
vmukhin@csr1.3-c-quark# load replace grp-re0.conf 
exit
load complete

[edit groups re0]
vmukhin@csr1.3-c-quark# exit 

[edit]
vmukhin@csr1.3-c-quark# set apply-groups re0 

[edit]
vmukhin@csr1.3-c-quark# commit 
commit complete

[edit]
--- JUNOS 12.3-20150930_acx_x54_s4.0 built 2015-09-30 18:38:44 UTC
At least one package installed on this device has limited support.
Run 'file show /etc/notices/unsupported.txt' for details.

vmukhin@csr1.3-c-quark> 

vmukhin@csr1.3-c-quark> 

vmukhin@csr1.3-c-quark> show version 
Hostname: csr1.3-c-quark
Model: acx4000
JUNOS Crypto Software Suite [12.3-20150930_acx_x54_s4.0]
JUNOS Base OS Software Suite [12.3-20150930_acx_x54_s4.0]
JUNOS Kernel Software Suite [12.3-20150930_acx_x54_s4.0]
JUNOS Base OS boot [12.3-20150930_acx_x54_s4.0]
JUNOS Packet Forwarding Engine Support (ACX) [12.3-20150930_acx_x54_s4.0]
JUNOS Online Documentation [12.3-20150930_acx_x54_s4.0]
JUNOS Routing Software Suite [12.3-20150930_acx_x54_s4.0]

vmukhin@csr1.3-c-quark> 

vmukhin@csr1.3-c-quark> edit 
Entering configuration mode
Users currently editing the configuration:
  vmukhin terminal p0 (pid 58007) on since 2016-04-26 08:02:26 PDT, idle 00:31:50
      [edit]

[edit]
vmukhin@csr1.3-c-quark# edit groups global 

[edit groups global]
vmukhin@csr1.3-c-quark# save grp-global-original.conf 
Wrote 336 lines of configuration to 'grp-global-original.conf'

[edit groups global]
vmukhin@csr1.3-c-quark# exit 

[edit]
vmukhin@csr1.3-c-quark# edit groups re0 

[edit groups re0]
vmukhin@csr1.3-c-quark# show 
system {
    host-name csr1.3-c-quark;
}
interfaces {
    fxp0 {
        unit 0 {
            family inet {
                address 10.164.1.137/23;
            }
        }
    }
}

[edit groups re0]
vmukhin@csr1.3-c-quark# save grp-re0.conf 
Wrote 18 lines of configuration to 'grp-re0.conf'

[edit groups re0]
vmukhin@csr1.3-c-quark# exit 

[edit]
vmukhin@csr1.3-c-quark# exit 
Exiting configuration mode

vmukhin@csr1.3-c-quark> ftp 172.29.103.14 
Connected to 172.29.103.14.
220-FileZilla Server version 0.9.48 beta
220-written by Tim Kosse (tim.kosse@filezilla-project.org)
220 Please visit http://sourceforge.net/projects/filezilla/
Name (172.29.103.14:vmukhin): mamba
331 Password required for mamba
Password:
230 Logged on
Remote system type is UNIX.
ftp> binary
200 Type set to I
ftp> get ./MetroE3.0-PSPHT-with-OAM-PW/2015-02-28-v.01/csr1.3-MetroE3.0-PSPHT-with-OAM-PW.conf csr1.3-MetroE3.0-PSPHT-with-OAM-PW.conf
local: csr1.3-MetroE3.0-PSPHT-with-OAM-PW.conf remote: ./MetroE3.0-PSPHT-with-OAM-PW/2015-02-28-v.01/csr1.3-MetroE3.0-PSPHT-with-OAM-PW.conf
200 Port command successful
150 Opening data channel for file download from server of "/MetroE3.0-PSPHT-with-OAM-PW/2015-02-28-v.01/csr1.3-MetroE3.0-PSPHT-with-OAM-PW.conf"
100% |**********************************************************************************************************************************************************| 17060       00:00 ETAA
226 Successfully transferred "/MetroE3.0-PSPHT-with-OAM-PW/2015-02-28-v.01/csr1.3-MetroE3.0-PSPHT-with-OAM-PW.conf"
17060 bytes received in 0.11 seconds (148.58 KB/s)
ftp> quit
221 Goodbye

vmukhin@csr1.3-c-quark> edit 
Entering configuration mode
Users currently editing the configuration:
  vmukhin terminal p0 (pid 58007) on since 2016-04-26 08:02:26 PDT, idle 00:31:51
      [edit]

[edit]
vmukhin@csr1.3-c-quark# delete access 
warning: statement not found

[edit]
vmukhin@csr1.3-c-quark# delete services 
warning: statement not found

[edit]
vmukhin@csr1.3-c-quark# delete routing-instances 

[edit]
vmukhin@csr1.3-c-quark# delete protocols 

[edit]
vmukhin@csr1.3-c-quark# delete interfaces 

[edit]
vmukhin@csr1.3-c-quark# delete routing-options 

[edit]
vmukhin@csr1.3-c-quark# commit 
commit complete

[edit]
vmukhin@csr1.3-c-quark# load update csr1.3-MetroE3.0-PSPHT-with-OAM-PW.conf 
load complete

[edit]
vmukhin@csr1.3-c-quark# edit groups global 

[edit groups global]
vmukhin@csr1.3-c-quark# load replace grp-global-original.conf 
exit
load complete

[edit groups global]
vmukhin@csr1.3-c-quark# exit 

[edit]
vmukhin@csr1.3-c-quark# set apply-groups global 

[edit]
vmukhin@csr1.3-c-quark# edit groups re0 

[edit groups re0]
vmukhin@csr1.3-c-quark# load replace grp-re0.conf 
exit
load complete

[edit groups re0]
vmukhin@csr1.3-c-quark# exit 

[edit]
vmukhin@csr1.3-c-quark# set apply-groups re0 

[edit]
vmukhin@csr1.3-c-quark# commit 
commit complete

[edit]
--- JUNOS 12.3-20150930_acx_x54_s4.0 built 2015-09-30 18:38:44 UTC
At least one package installed on this device has limited support.
Run 'file show /etc/notices/unsupported.txt' for details.

vmukhin@csr1.3-c-quark> 

vmukhin@csr1.3-c-quark> 

vmukhin@csr1.3-c-quark> edit 
Entering configuration mode
Users currently editing the configuration:
  vmukhin terminal p0 (pid 58007) on since 2016-04-26 08:02:26 PDT, idle 03:08:20
      [edit]

[edit]
vmukhin@csr1.3-c-quark# save csr1.3-PWHT-GE-to-PS-2016.conf 
Wrote 860 lines of configuration to 'csr1.3-PWHT-GE-to-PS-2016.conf'

[edit]
vmukhin@csr1.3-c-quark# exit 
Exiting configuration mode

vmukhin@csr1.3-c-quark> ftp 172.29.103.14 
Connected to 172.29.103.14.
220-FileZilla Server version 0.9.48 beta
220-written by Tim Kosse (tim.kosse@filezilla-project.org)
220 Please visit http://sourceforge.net/projects/filezilla/
Name (172.29.103.14:vmukhin): mamba
331 Password required for mamba
Password:
230 Logged on
Remote system type is UNIX.
ftp> binary
200 Type set to I
ftp> cd ./PWHT-GE-to-PS-2016/2016-6-6-v.01
250 CWD successful. "/PWHT-GE-to-PS-2016/2016-6-6-v.01" is current directory.
ftp> put csr1.3-PWHT-GE-to-PS-2016.conf csr1.3-PWHT-GE-to-PS-2016.conf
local: csr1.3-PWHT-GE-to-PS-2016.conf remote: csr1.3-PWHT-GE-to-PS-2016.conf
200 Port command successful
150 Opening data channel for file upload to server of "/PWHT-GE-to-PS-2016/2016-6-6-v.01/csr1.3-PWHT-GE-to-PS-2016.conf"
100% |**********************************************************************************************************************************************************| 24997       00:00 ETAA
226 Successfully transferred "/PWHT-GE-to-PS-2016/2016-6-6-v.01/csr1.3-PWHT-GE-to-PS-2016.conf"
24997 bytes sent in 0.11 seconds (214.87 KB/s)
ftp> quit
221 Goodbye

